Archive member included to satisfy reference by file (symbol)

library.a(initialize.o)       obj/Lab7A-Main-c.o (InitializeHardware)
library.a(stm32f429i_discovery.o)
                              library.a(initialize.o) (BSP_PB_Init)
library.a(stm32f429i_discovery_lcd.o)
                              library.a(initialize.o) (BSP_LCD_LayerDefaultInit)
library.a(stm32f429i_discovery_sdram.o)
                              library.a(stm32f429i_discovery_lcd.o) (BSP_SDRAM_Init)
library.a(stm32f4xx_hal.o)    library.a(initialize.o) (HAL_Init)
library.a(stm32f4xx_hal_cortex.o)
                              library.a(stm32f4xx_hal.o) (HAL_NVIC_SetPriorityGrouping)
library.a(stm32f4xx_hal_dma.o)
                              library.a(stm32f429i_discovery_sdram.o) (HAL_DMA_Init)
library.a(stm32f4xx_hal_dma2d.o)
                              library.a(stm32f429i_discovery_lcd.o) (HAL_DMA2D_Init)
library.a(stm32f4xx_hal_gpio.o)
                              library.a(stm32f429i_discovery.o) (HAL_GPIO_Init)
library.a(stm32f4xx_hal_i2c.o)
                              library.a(stm32f429i_discovery.o) (HAL_I2C_Init)
library.a(stm32f4xx_hal_ltdc.o)
                              library.a(stm32f429i_discovery_lcd.o) (HAL_LTDC_Init)
library.a(stm32f4xx_hal_rcc.o)
                              library.a(initialize.o) (HAL_RCC_OscConfig)
library.a(stm32f4xx_hal_rcc_ex.o)
                              library.a(stm32f429i_discovery_lcd.o) (HAL_RCCEx_PeriphCLKConfig)
library.a(stm32f4xx_hal_sdram.o)
                              library.a(stm32f429i_discovery_sdram.o) (HAL_SDRAM_Init)
library.a(stm32f4xx_hal_spi.o)
                              library.a(stm32f429i_discovery.o) (HAL_SPI_Init)
library.a(stm32f4xx_it.o)     library.a(initialize.o) (IncludeThis)
library.a(stm32f4xx_ll_fmc.o)
                              library.a(stm32f4xx_hal_sdram.o) (FMC_SDRAM_Init)
library.a(svcHandler.o)       library.a(stm32f4xx_it.o) (SVC_Exception)
library.a(system_stm32f4xx.o)
                              library.a(stm32f4xx_hal_rcc.o) (SystemCoreClock)
library.a(startup_stm32f429xx.o)
                              library.a(initialize.o) (Reset_Handler)
library.a(ili9341.o)          library.a(stm32f429i_discovery_lcd.o) (ili9341_drv)
/Users/mitchell.park/Desktop/COEN20/gcc-arm-none-eabi-10.3-2021.10/bin/../lib/gcc/arm-none-eabi/10.3.1/../../../../arm-none-eabi/lib/thumb/v7e-m+fp/hard/libc.a(lib_a-exit.o)
                              /Users/mitchell.park/Desktop/COEN20/gcc-arm-none-eabi-10.3-2021.10/bin/../lib/gcc/arm-none-eabi/10.3.1/../../../../arm-none-eabi/lib/thumb/v7e-m+fp/hard/crt0.o (exit)
/Users/mitchell.park/Desktop/COEN20/gcc-arm-none-eabi-10.3-2021.10/bin/../lib/gcc/arm-none-eabi/10.3.1/../../../../arm-none-eabi/lib/thumb/v7e-m+fp/hard/libc.a(lib_a-impure.o)
                              /Users/mitchell.park/Desktop/COEN20/gcc-arm-none-eabi-10.3-2021.10/bin/../lib/gcc/arm-none-eabi/10.3.1/../../../../arm-none-eabi/lib/thumb/v7e-m+fp/hard/libc.a(lib_a-exit.o) (_global_impure_ptr)
/Users/mitchell.park/Desktop/COEN20/gcc-arm-none-eabi-10.3-2021.10/bin/../lib/gcc/arm-none-eabi/10.3.1/../../../../arm-none-eabi/lib/thumb/v7e-m+fp/hard/libc.a(lib_a-init.o)
                              /Users/mitchell.park/Desktop/COEN20/gcc-arm-none-eabi-10.3-2021.10/bin/../lib/gcc/arm-none-eabi/10.3.1/../../../../arm-none-eabi/lib/thumb/v7e-m+fp/hard/crt0.o (__libc_init_array)
/Users/mitchell.park/Desktop/COEN20/gcc-arm-none-eabi-10.3-2021.10/bin/../lib/gcc/arm-none-eabi/10.3.1/../../../../arm-none-eabi/lib/thumb/v7e-m+fp/hard/libc.a(lib_a-memcpy.o)
                              library.a(svcHandler.o) (memcpy)
/Users/mitchell.park/Desktop/COEN20/gcc-arm-none-eabi-10.3-2021.10/bin/../lib/gcc/arm-none-eabi/10.3.1/../../../../arm-none-eabi/lib/thumb/v7e-m+fp/hard/libc.a(lib_a-memset.o)
                              /Users/mitchell.park/Desktop/COEN20/gcc-arm-none-eabi-10.3-2021.10/bin/../lib/gcc/arm-none-eabi/10.3.1/../../../../arm-none-eabi/lib/thumb/v7e-m+fp/hard/crt0.o (memset)
/Users/mitchell.park/Desktop/COEN20/gcc-arm-none-eabi-10.3-2021.10/bin/../lib/gcc/arm-none-eabi/10.3.1/../../../../arm-none-eabi/lib/thumb/v7e-m+fp/hard/libc.a(lib_a-printf.o)
                              library.a(initialize.o) (printf)
/Users/mitchell.park/Desktop/COEN20/gcc-arm-none-eabi-10.3-2021.10/bin/../lib/gcc/arm-none-eabi/10.3.1/../../../../arm-none-eabi/lib/thumb/v7e-m+fp/hard/libc.a(lib_a-sprintf.o)
                              library.a(svcHandler.o) (sprintf)
/Users/mitchell.park/Desktop/COEN20/gcc-arm-none-eabi-10.3-2021.10/bin/../lib/gcc/arm-none-eabi/10.3.1/../../../../arm-none-eabi/lib/thumb/v7e-m+fp/hard/libc.a(lib_a-strcpy.o)
                              library.a(initialize.o) (strcpy)
/Users/mitchell.park/Desktop/COEN20/gcc-arm-none-eabi-10.3-2021.10/bin/../lib/gcc/arm-none-eabi/10.3.1/../../../../arm-none-eabi/lib/thumb/v7e-m+fp/hard/libc.a(lib_a-strlen.o)
                              library.a(svcHandler.o) (strlen)
[...]
Memory Configuration

Name             Origin             Length             Attributes
ROM              0x0000000008000000 0x0000000000200000 xr
RAM              0x0000000020000000 0x0000000000030000 xrw
CCM              0x0000000010000000 0x0000000000010000 xrw
*default*        0x0000000000000000 0xffffffffffffffff

Linker script and memory map

LOAD /Users/mitchell.park/Desktop/COEN20/gcc-arm-none-eabi-10.3-2021.10/bin/../lib/gcc/arm-none-eabi/10.3.1/thumb/v7e-m+fp/hard/crti.o
LOAD /Users/mitchell.park/Desktop/COEN20/gcc-arm-none-eabi-10.3-2021.10/bin/../lib/gcc/arm-none-eabi/10.3.1/thumb/v7e-m+fp/hard/crtbegin.o
LOAD /Users/mitchell.park/Desktop/COEN20/gcc-arm-none-eabi-10.3-2021.10/bin/../lib/gcc/arm-none-eabi/10.3.1/../../../../arm-none-eabi/lib/thumb/v7e-m+fp/hard/crt0.o
LOAD obj/Lab7A-Main-c.o
LOAD obj/lab6-s.o
LOAD library.a
LOAD library.a
LOAD /Users/mitchell.park/Desktop/COEN20/gcc-arm-none-eabi-10.3-2021.10/bin/../lib/gcc/arm-none-eabi/10.3.1/../../../../arm-none-eabi/lib/thumb/v7e-m+fp/hard/libm.a
LOAD /Users/mitchell.park/Desktop/COEN20/gcc-arm-none-eabi-10.3-2021.10/bin/../lib/gcc/arm-none-eabi/10.3.1/../../../../arm-none-eabi/lib/thumb/v7e-m+fp/hard/libc.a
LOAD /Users/mitchell.park/Desktop/COEN20/gcc-arm-none-eabi-10.3-2021.10/bin/../lib/gcc/arm-none-eabi/10.3.1/../../../../arm-none-eabi/lib/thumb/v7e-m+fp/hard/libnosys.a
LOAD /Users/mitchell.park/Desktop/COEN20/gcc-arm-none-eabi-10.3-2021.10/bin/../lib/gcc/arm-none-eabi/10.3.1/../../../../arm-none-eabi/lib/thumb/v7e-m+fp/hard/libc.a
START GROUP
LOAD /Users/mitchell.park/Desktop/COEN20/gcc-arm-none-eabi-10.3-2021.10/bin/../lib/gcc/arm-none-eabi/10.3.1/thumb/v7e-m+fp/hard/libgcc.a
LOAD /Users/mitchell.park/Desktop/COEN20/gcc-arm-none-eabi-10.3-2021.10/bin/../lib/gcc/arm-none-eabi/10.3.1/../../../../arm-none-eabi/lib/thumb/v7e-m+fp/hard/libc.a
END GROUP
LOAD /Users/mitchell.park/Desktop/COEN20/gcc-arm-none-eabi-10.3-2021.10/bin/../lib/gcc/arm-none-eabi/10.3.1/thumb/v7e-m+fp/hard/crtend.o
LOAD /Users/mitchell.park/Desktop/COEN20/gcc-arm-none-eabi-10.3-2021.10/bin/../lib/gcc/arm-none-eabi/10.3.1/thumb/v7e-m+fp/hard/crtn.o

.text           0x0000000008000000     0xe984
 *(.isr_vector)
 .isr_vector    0x0000000008000000      0x1ac library.a(startup_stm32f429xx.o)
                0x0000000008000000                __isr_vector
 *(.text*)
 .text          0x00000000080001ac       0x40 /Users/mitchell.park/Desktop/COEN20/gcc-arm-none-eabi-10.3-2021.10/bin/../lib/gcc/arm-none-eabi/10.3.1/thumb/v7e-m+fp/hard/crtbegin.o
 .text          0x00000000080001ec       0x7c /Users/mitchell.park/Desktop/COEN20/gcc-arm-none-eabi-10.3-2021.10/bin/../lib/gcc/arm-none-eabi/10.3.1/../../../../arm-none-eabi/lib/thumb/v7e-m+fp/hard/crt0.o
                0x00000000080001ec                _stack_init
                0x00000000080001f4                _mainCRTStartup
                0x00000000080001f4                _start
 .text.main     0x0000000008000268      0x1e0 obj/Lab7A-Main-c.o
                0x0000000008000268                main
 .text.LEDs     0x0000000008000448       0x34 obj/Lab7A-Main-c.o
 .text.RBIT     0x000000000800047c        0x8 obj/Lab7A-Main-c.o
 .text.REV      0x0000000008000484        0x4 obj/Lab7A-Main-c.o
 .text.ROR      0x0000000008000488        0x8 obj/Lab7A-Main-c.o
 .text.PaintDisplay
                0x0000000008000490       0x40 obj/Lab7A-Main-c.o
 .text.PutBinaryAt
                0x00000000080004d0       0xc8 obj/Lab7A-Main-c.o
 .text.PutStringAt
                0x0000000008000598       0x34 obj/Lab7A-Main-c.o
 .text.Delay    0x00000000080005cc       0x20 obj/Lab7A-Main-c.o
 .text          0x00000000080005ec       0xe8 obj/lab6-s.o
                0x00000000080005ec                ReverseBits
                0x00000000080006b4                ReverseBytes
 .text.TextRows
                0x00000000080006d4       0x12 library.a(initialize.o)
 *fill*         0x00000000080006e6        0x2 
 .text.ClearDisplay
                0x00000000080006e8       0x34 library.a(initialize.o)
                0x00000000080006e8                ClearDisplay
 .text.DisplayHeader
                0x000000000800071c       0x7c library.a(initialize.o)
                0x000000000800071c                DisplayHeader
 .text.DisplayFooter
                0x0000000008000798       0x58 library.a(initialize.o)
                0x0000000008000798                DisplayFooter
 .text._write   0x00000000080007f0      0x104 library.a(initialize.o)
                0x00000000080007f0                _write
 .text.InitializeHardware
                0x00000000080008f4      0x124 library.a(initialize.o)
                0x00000000080008f4                InitializeHardware
 .text.WaitForPushButton
                0x0000000008000a18       0x18 library.a(initialize.o)
                0x0000000008000a18                WaitForPushButton
 .text.GetClockCycleCount
                0x0000000008000a30        0xc library.a(initialize.o)
                0x0000000008000a30                GetClockCycleCount
 .text.GetRandomNumber
                0x0000000008000a3c       0x14 library.a(initialize.o)
                0x0000000008000a3c                GetRandomNumber
 .text.CountCycles
                0x0000000008000a50       0x38 library.a(initialize.o)
                0x0000000008000a50                CountCycles
 .text.CallReturnOverhead
                0x0000000008000a88        0x2 library.a(initialize.o)
                0x0000000008000a88                CallReturnOverhead
 *fill*         0x0000000008000a8a        0x2 
 .text.SPIx_Init
                0x0000000008000a8c       0x98 library.a(stm32f429i_discovery.o)
 .text.SPIx_Write
                0x0000000008000b24       0x30 library.a(stm32f429i_discovery.o)
 .text.BSP_PB_Init
                0x0000000008000b54       0x70 library.a(stm32f429i_discovery.o)
                0x0000000008000b54                BSP_PB_Init
 .text.BSP_PB_GetState
                0x0000000008000bc4       0x14 library.a(stm32f429i_discovery.o)
                0x0000000008000bc4                BSP_PB_GetState
 .text.LCD_IO_Init
                0x0000000008000bd8       0xb0 library.a(stm32f429i_discovery.o)
                0x0000000008000bd8                LCD_IO_Init
 .text.LCD_IO_WriteData
                0x0000000008000c88       0x38 library.a(stm32f429i_discovery.o)
                0x0000000008000c88                LCD_IO_WriteData
 .text.LCD_IO_WriteReg
                0x0000000008000cc0       0x38 library.a(stm32f429i_discovery.o)
                0x0000000008000cc0                LCD_IO_WriteReg
 .text.LCD_IO_ReadData
                0x0000000008000cf8       0x6c library.a(stm32f429i_discovery.o)
                0x0000000008000cf8                LCD_IO_ReadData
 .text.LCD_Delay
                0x0000000008000d64        0x4 library.a(stm32f429i_discovery.o)
                0x0000000008000d64                LCD_Delay
 .text.FillBuffer
                0x0000000008000d68       0x64 library.a(stm32f429i_discovery_lcd.o)
 .text.BSP_LCD_GetXSize
                0x0000000008000dcc       0x10 library.a(stm32f429i_discovery_lcd.o)
                0x0000000008000dcc                BSP_LCD_GetXSize
 .text.BSP_LCD_GetYSize
                0x0000000008000ddc       0x10 library.a(stm32f429i_discovery_lcd.o)
                0x0000000008000ddc                BSP_LCD_GetYSize
 .text.BSP_LCD_LayerDefaultInit
                0x0000000008000dec       0x7c library.a(stm32f429i_discovery_lcd.o)
                0x0000000008000dec                BSP_LCD_LayerDefaultInit
 .text.BSP_LCD_SelectLayer
                0x0000000008000e68        0xc library.a(stm32f429i_discovery_lcd.o)
                0x0000000008000e68                BSP_LCD_SelectLayer
 .text.BSP_LCD_GetTextColor
                0x0000000008000e74       0x18 library.a(stm32f429i_discovery_lcd.o)
                0x0000000008000e74                BSP_LCD_GetTextColor
 .text.BSP_LCD_GetBackColor
                0x0000000008000e8c       0x18 library.a(stm32f429i_discovery_lcd.o)
                0x0000000008000e8c                BSP_LCD_GetBackColor
 .text.BSP_LCD_SetTextColor
                0x0000000008000ea4       0x18 library.a(stm32f429i_discovery_lcd.o)
                0x0000000008000ea4                BSP_LCD_SetTextColor
 .text.BSP_LCD_SetBackColor
                0x0000000008000ebc       0x18 library.a(stm32f429i_discovery_lcd.o)
                0x0000000008000ebc                BSP_LCD_SetBackColor
 .text.BSP_LCD_SetFont
                0x0000000008000ed4       0x18 library.a(stm32f429i_discovery_lcd.o)
                0x0000000008000ed4                BSP_LCD_SetFont
 .text.BSP_LCD_Init
                0x0000000008000eec      0x1bc library.a(stm32f429i_discovery_lcd.o)
                0x0000000008000eec                BSP_LCD_Init
 .text.BSP_LCD_GetFont
                0x00000000080010a8       0x18 library.a(stm32f429i_discovery_lcd.o)
                0x00000000080010a8                BSP_LCD_GetFont
 .text.BSP_LCD_Clear
                0x00000000080010c0       0x40 library.a(stm32f429i_discovery_lcd.o)
                0x00000000080010c0                BSP_LCD_Clear
 .text.BSP_LCD_DrawHLine
                0x0000000008001100       0x50 library.a(stm32f429i_discovery_lcd.o)
                0x0000000008001100                BSP_LCD_DrawHLine
 .text.BSP_LCD_DrawVLine
                0x0000000008001150       0x5c library.a(stm32f429i_discovery_lcd.o)
                0x0000000008001150                BSP_LCD_DrawVLine
 .text.BSP_LCD_DrawRect
                0x00000000080011ac       0x34 library.a(stm32f429i_discovery_lcd.o)
                0x00000000080011ac                BSP_LCD_DrawRect
 .text.BSP_LCD_FillRect
                0x00000000080011e0       0x74 library.a(stm32f429i_discovery_lcd.o)
                0x00000000080011e0                BSP_LCD_FillRect
 .text.BSP_LCD_DisplayOn
                0x0000000008001254       0x10 library.a(stm32f429i_discovery_lcd.o)
                0x0000000008001254                BSP_LCD_DisplayOn
 .text.BSP_LCD_DrawPixel
                0x0000000008001264       0x2c library.a(stm32f429i_discovery_lcd.o)
                0x0000000008001264                BSP_LCD_DrawPixel
 .text.BSP_LCD_DisplayChar
                0x0000000008001290       0xd4 library.a(stm32f429i_discovery_lcd.o)
                0x0000000008001290                BSP_LCD_DisplayChar
 .text.BSP_LCD_DisplayStringAt
                0x0000000008001364       0x9c library.a(stm32f429i_discovery_lcd.o)
                0x0000000008001364                BSP_LCD_DisplayStringAt
 .text.BSP_SDRAM_Initialization_sequence
                0x0000000008001400       0x94 library.a(stm32f429i_discovery_sdram.o)
                0x0000000008001400                BSP_SDRAM_Initialization_sequence
 .text.BSP_SDRAM_Init
                0x0000000008001494      0x1c8 library.a(stm32f429i_discovery_sdram.o)
                0x0000000008001494                BSP_SDRAM_Init
 .text.HAL_MspInit
                0x000000000800165c        0x2 library.a(stm32f4xx_hal.o)
                0x000000000800165c                HAL_MspInit
 .text.HAL_InitTick
                0x000000000800165e       0x28 library.a(stm32f4xx_hal.o)
                0x000000000800165e                HAL_InitTick
 *fill*         0x0000000008001686        0x2 
 .text.HAL_Init
                0x0000000008001688       0x34 library.a(stm32f4xx_hal.o)
                0x0000000008001688                HAL_Init
 .text.HAL_IncTick
                0x00000000080016bc       0x10 library.a(stm32f4xx_hal.o)
                0x00000000080016bc                HAL_IncTick
 .text.HAL_GetTick
                0x00000000080016cc        0xc library.a(stm32f4xx_hal.o)
                0x00000000080016cc                HAL_GetTick
 .text.HAL_Delay
                0x00000000080016d8       0x1a library.a(stm32f4xx_hal.o)
                0x00000000080016d8                HAL_Delay
 *fill*         0x00000000080016f2        0x2 
 .text.HAL_NVIC_SetPriorityGrouping
                0x00000000080016f4       0x24 library.a(stm32f4xx_hal_cortex.o)
                0x00000000080016f4                HAL_NVIC_SetPriorityGrouping
 .text.HAL_NVIC_SetPriority
                0x0000000008001718       0x68 library.a(stm32f4xx_hal_cortex.o)
                0x0000000008001718                HAL_NVIC_SetPriority
 .text.HAL_NVIC_EnableIRQ
                0x0000000008001780       0x18 library.a(stm32f4xx_hal_cortex.o)
                0x0000000008001780                HAL_NVIC_EnableIRQ
 .text.HAL_SYSTICK_Config
                0x0000000008001798       0x28 library.a(stm32f4xx_hal_cortex.o)
                0x0000000008001798                HAL_SYSTICK_Config
 .text.HAL_DMA_Init
                0x00000000080017c0       0x78 library.a(stm32f4xx_hal_dma.o)
                0x00000000080017c0                HAL_DMA_Init
 .text.HAL_DMA_DeInit
                0x0000000008001838      0xacc library.a(stm32f4xx_hal_dma.o)
                0x0000000008001838                HAL_DMA_DeInit
 .text.DMA2D_SetConfig
                0x0000000008002304       0x80 library.a(stm32f4xx_hal_dma2d.o)
 .text.HAL_DMA2D_MspInit
                0x0000000008002384        0x2 library.a(stm32f4xx_hal_dma2d.o)
                0x0000000008002384                HAL_DMA2D_MspInit
 .text.HAL_DMA2D_Init
                0x0000000008002386       0x5c library.a(stm32f4xx_hal_dma2d.o)
                0x0000000008002386                HAL_DMA2D_Init
 .text.HAL_DMA2D_Start
                0x00000000080023e2       0x40 library.a(stm32f4xx_hal_dma2d.o)
                0x00000000080023e2                HAL_DMA2D_Start
 .text.HAL_DMA2D_PollForTransfer
                0x0000000008002422       0xc4 library.a(stm32f4xx_hal_dma2d.o)
                0x0000000008002422                HAL_DMA2D_PollForTransfer
 *fill*         0x00000000080024e6        0x2 
 .text.HAL_DMA2D_ConfigLayer
                0x00000000080024e8       0xd8 library.a(stm32f4xx_hal_dma2d.o)
                0x00000000080024e8                HAL_DMA2D_ConfigLayer
 .text.HAL_GPIO_Init
                0x00000000080025c0      0x1d8 library.a(stm32f4xx_hal_gpio.o)
                0x00000000080025c0                HAL_GPIO_Init
 .text.HAL_GPIO_ReadPin
                0x0000000008002798        0xc library.a(stm32f4xx_hal_gpio.o)
                0x0000000008002798                HAL_GPIO_ReadPin
 .text.HAL_GPIO_WritePin
                0x00000000080027a4        0xa library.a(stm32f4xx_hal_gpio.o)
                0x00000000080027a4                HAL_GPIO_WritePin
 .text.LTDC_SetConfig
                0x00000000080027ae      0x148 library.a(stm32f4xx_hal_ltdc.o)
 .text.HAL_LTDC_MspInit
                0x00000000080028f6        0x2 library.a(stm32f4xx_hal_ltdc.o)
                0x00000000080028f6                HAL_LTDC_MspInit
 .text.HAL_LTDC_Init
                0x00000000080028f8       0xfc library.a(stm32f4xx_hal_ltdc.o)
                0x00000000080028f8                HAL_LTDC_Init
 .text.HAL_LTDC_ConfigLayer
                0x00000000080029f4       0x5c library.a(stm32f4xx_hal_ltdc.o)
                0x00000000080029f4                HAL_LTDC_ConfigLayer
 .text.HAL_LTDC_EnableDither
                0x0000000008002a50       0x34 library.a(stm32f4xx_hal_ltdc.o)
                0x0000000008002a50                HAL_LTDC_EnableDither
 .text.HAL_RCC_OscConfig
                0x0000000008002a84      0x330 library.a(stm32f4xx_hal_rcc.o)
                0x0000000008002a84                HAL_RCC_OscConfig
 .text.HAL_RCC_ClockConfig
                0x0000000008002db4      0x1f8 library.a(stm32f4xx_hal_rcc.o)
                0x0000000008002db4                HAL_RCC_ClockConfig
 .text.HAL_RCC_GetSysClockFreq
                0x0000000008002fac       0x78 library.a(stm32f4xx_hal_rcc.o)
                0x0000000008002fac                HAL_RCC_GetSysClockFreq
 .text.HAL_RCC_GetHCLKFreq
                0x0000000008003024       0x38 library.a(stm32f4xx_hal_rcc.o)
                0x0000000008003024                HAL_RCC_GetHCLKFreq
 .text.HAL_RCCEx_PeriphCLKConfig
                0x000000000800305c      0x2dc library.a(stm32f4xx_hal_rcc_ex.o)
                0x000000000800305c                HAL_RCCEx_PeriphCLKConfig
 .text.HAL_SDRAM_MspInit
                0x0000000008003338        0x2 library.a(stm32f4xx_hal_sdram.o)
                0x0000000008003338                HAL_SDRAM_MspInit
 .text.HAL_SDRAM_Init
                0x000000000800333a       0x40 library.a(stm32f4xx_hal_sdram.o)
                0x000000000800333a                HAL_SDRAM_Init
 .text.HAL_SDRAM_SendCommand
                0x000000000800337a       0x2e library.a(stm32f4xx_hal_sdram.o)
                0x000000000800337a                HAL_SDRAM_SendCommand
 .text.HAL_SDRAM_ProgramRefreshRate
                0x00000000080033a8       0x24 library.a(stm32f4xx_hal_sdram.o)
                0x00000000080033a8                HAL_SDRAM_ProgramRefreshRate
 .text.SPI_WaitOnFlagUntilTimeout
                0x00000000080033cc       0x94 library.a(stm32f4xx_hal_spi.o)
 .text.HAL_SPI_MspInit
                0x0000000008003460        0x2 library.a(stm32f4xx_hal_spi.o)
                0x0000000008003460                HAL_SPI_MspInit
 .text.HAL_SPI_Init
                0x0000000008003462       0x82 library.a(stm32f4xx_hal_spi.o)
                0x0000000008003462                HAL_SPI_Init
 .text.HAL_SPI_MspDeInit
                0x00000000080034e4        0x2 library.a(stm32f4xx_hal_spi.o)
                0x00000000080034e4                HAL_SPI_MspDeInit
 .text.HAL_SPI_DeInit
                0x00000000080034e6       0x26 library.a(stm32f4xx_hal_spi.o)
                0x00000000080034e6                HAL_SPI_DeInit
 .text.HAL_SPI_Transmit
                0x000000000800350c      0x164 library.a(stm32f4xx_hal_spi.o)
                0x000000000800350c                HAL_SPI_Transmit
 .text.HAL_SPI_TransmitReceive
                0x0000000008003670      0x2c2 library.a(stm32f4xx_hal_spi.o)
                0x0000000008003670                HAL_SPI_TransmitReceive
 .text.HAL_SPI_Receive
                0x0000000008003932      0x1d2 library.a(stm32f4xx_hal_spi.o)
                0x0000000008003932                HAL_SPI_Receive
 .text.HAL_SPI_GetState
                0x0000000008003b04        0x6 library.a(stm32f4xx_hal_spi.o)
                0x0000000008003b04                HAL_SPI_GetState
 .text.NMI_Handler
                0x0000000008003b0a        0x2 library.a(stm32f4xx_it.o)
                0x0000000008003b0a                NMI_Handler
 .text.SVC_Handler
                0x0000000008003b0c       0x20 library.a(stm32f4xx_it.o)
                0x0000000008003b0c                SVC_Handler
 .text.DebugMon_Handler
                0x0000000008003b2c        0x2 library.a(stm32f4xx_it.o)
                0x0000000008003b2c                DebugMon_Handler
 .text.PendSV_Handler
                0x0000000008003b2e        0x2 library.a(stm32f4xx_it.o)
                0x0000000008003b2e                PendSV_Handler
 .text.SysTick_Handler
                0x0000000008003b30        0x4 library.a(stm32f4xx_it.o)
                0x0000000008003b30                SysTick_Handler
 .text.FMC_SDRAM_Init
                0x0000000008003b34       0x6c library.a(stm32f4xx_ll_fmc.o)
                0x0000000008003b34                FMC_SDRAM_Init
 .text.FMC_SDRAM_Timing_Init
                0x0000000008003ba0       0x70 library.a(stm32f4xx_ll_fmc.o)
                0x0000000008003ba0                FMC_SDRAM_Timing_Init
 .text.FMC_SDRAM_SendCommand
                0x0000000008003c10       0x50 library.a(stm32f4xx_ll_fmc.o)
                0x0000000008003c10                FMC_SDRAM_SendCommand
 .text.FMC_SDRAM_ProgramRefreshRate
                0x0000000008003c60        0xc library.a(stm32f4xx_ll_fmc.o)
                0x0000000008003c60                FMC_SDRAM_ProgramRefreshRate
 .text.SVC_Label
                0x0000000008003c6c       0x58 library.a(svcHandler.o)
 .text.Preserve
                0x0000000008003cc4       0xa8 library.a(svcHandler.o)
 .text.HardStopHandler
                0x0000000008003d6c       0x94 library.a(svcHandler.o)
 .text.Restore  0x0000000008003e00       0x5c library.a(svcHandler.o)
 .text.FlPtRegs
                0x0000000008003e5c       0xa4 library.a(svcHandler.o)
 .text._MemManageHandler
                0x0000000008003f00       0x10 library.a(svcHandler.o)
                0x0000000008003f00                _MemManageHandler
 .text.MemManage_Handler
                0x0000000008003f10        0xc library.a(svcHandler.o)
                0x0000000008003f10                MemManage_Handler
 .text._BusFault_Handler
                0x0000000008003f1c       0x10 library.a(svcHandler.o)
                0x0000000008003f1c                _BusFault_Handler
 .text.BusFault_Handler
                0x0000000008003f2c        0xc library.a(svcHandler.o)
                0x0000000008003f2c                BusFault_Handler
 .text._HardFault_Handler
                0x0000000008003f38       0x10 library.a(svcHandler.o)
                0x0000000008003f38                _HardFault_Handler
 .text.HardFault_Handler
                0x0000000008003f48        0xc library.a(svcHandler.o)
                0x0000000008003f48                HardFault_Handler
 .text._UsageFault_Handler
                0x0000000008003f54       0x5c library.a(svcHandler.o)
                0x0000000008003f54                _UsageFault_Handler
 .text.UsageFault_Handler
                0x0000000008003fb0        0xc library.a(svcHandler.o)
                0x0000000008003fb0                UsageFault_Handler
 .text.SVC_Exception
                0x0000000008003fbc       0xd8 library.a(svcHandler.o)
                0x0000000008003fbc                SVC_Exception
 .text.SystemInit
                0x0000000008004094       0x4c library.a(system_stm32f4xx.o)
                0x0000000008004094                SystemInit
 .text          0x00000000080040e0      0x118 library.a(startup_stm32f429xx.o)
                0x00000000080040e0                Reset_Handler
                0x0000000008004138                Default_Handler
                0x000000000800413a                WWDG_IRQHandler
                0x000000000800413c                PVD_IRQHandler
                0x000000000800413e                TAMP_STAMP_IRQHandler
                0x0000000008004140                RTC_WKUP_IRQHandler
                0x0000000008004142                FLASH_IRQHandler
                0x0000000008004144                RCC_IRQHandler
                0x0000000008004146                EXTI0_IRQHandler
                0x0000000008004148                EXTI1_IRQHandler
                0x000000000800414a                EXTI2_IRQHandler
                0x000000000800414c                EXTI3_IRQHandler
                0x000000000800414e                EXTI4_IRQHandler
                0x0000000008004150                DMA1_Stream0_IRQHandler
                0x0000000008004152                DMA1_Stream1_IRQHandler
                0x0000000008004154                DMA1_Stream2_IRQHandler
                0x0000000008004156                DMA1_Stream3_IRQHandler
                0x0000000008004158                DMA1_Stream4_IRQHandler
                0x000000000800415a                DMA1_Stream5_IRQHandler
                0x000000000800415c                DMA1_Stream6_IRQHandler
                0x000000000800415e                ADC_IRQHandler
                0x0000000008004160                CAN1_TX_IRQHandler
                0x0000000008004162                CAN1_RX0_IRQHandler
                0x0000000008004164                CAN1_RX1_IRQHandler
                0x0000000008004166                CAN1_SCE_IRQHandler
                0x0000000008004168                EXTI9_5_IRQHandler
                0x000000000800416a                TIM1_BRK_TIM9_IRQHandler
                0x000000000800416c                TIM1_UP_TIM10_IRQHandler
                0x000000000800416e                TIM1_TRG_COM_TIM11_IRQHandler
                0x0000000008004170                TIM1_CC_IRQHandler
                0x0000000008004172                TIM2_IRQHandler
                0x0000000008004174                TIM3_IRQHandler
                0x0000000008004176                TIM4_IRQHandler
                0x0000000008004178                I2C1_EV_IRQHandler
                0x000000000800417a                I2C1_ER_IRQHandler
                0x000000000800417c                I2C2_EV_IRQHandler
                0x000000000800417e                I2C2_ER_IRQHandler
                0x0000000008004180                SPI1_IRQHandler
                0x0000000008004182                SPI2_IRQHandler
                0x0000000008004184                USART1_IRQHandler
                0x0000000008004186                USART2_IRQHandler
                0x0000000008004188                USART3_IRQHandler
                0x000000000800418a                EXTI15_10_IRQHandler
                0x000000000800418c                RTC_Alarm_IRQHandler
                0x000000000800418e                OTG_FS_WKUP_IRQHandler
                0x0000000008004190                TIM8_BRK_TIM12_IRQHandler
                0x0000000008004192                TIM8_UP_TIM13_IRQHandler
                0x0000000008004194                TIM8_TRG_COM_TIM14_IRQHandler
                0x0000000008004196                TIM8_CC_IRQHandler
                0x0000000008004198                DMA1_Stream7_IRQHandler
                0x000000000800419a                FSMC_IRQHandler
                0x000000000800419c                SDIO_IRQHandler
                0x000000000800419e                TIM5_IRQHandler
                0x00000000080041a0                SPI3_IRQHandler
                0x00000000080041a2                UART4_IRQHandler
                0x00000000080041a4                UART5_IRQHandler
                0x00000000080041a6                TIM6_DAC_IRQHandler
                0x00000000080041a8                TIM7_IRQHandler
                0x00000000080041aa                DMA2_Stream0_IRQHandler
                0x00000000080041ac                DMA2_Stream1_IRQHandler
                0x00000000080041ae                DMA2_Stream2_IRQHandler
                0x00000000080041b0                DMA2_Stream3_IRQHandler
                0x00000000080041b2                DMA2_Stream4_IRQHandler
                0x00000000080041b4                ETH_IRQHandler
                0x00000000080041b6                ETH_WKUP_IRQHandler
                0x00000000080041b8                CAN2_TX_IRQHandler
                0x00000000080041ba                CAN2_RX0_IRQHandler
                0x00000000080041bc                CAN2_RX1_IRQHandler
                0x00000000080041be                CAN2_SCE_IRQHandler
                0x00000000080041c0                OTG_FS_IRQHandler
                0x00000000080041c2                DMA2_Stream5_IRQHandler
                0x00000000080041c4                DMA2_Stream6_IRQHandler
                0x00000000080041c6                DMA2_Stream7_IRQHandler
                0x00000000080041c8                USART6_IRQHandler
                0x00000000080041ca                I2C3_EV_IRQHandler
                0x00000000080041cc                I2C3_ER_IRQHandler
                0x00000000080041ce                OTG_HS_EP1_OUT_IRQHandler
                0x00000000080041d0                OTG_HS_EP1_IN_IRQHandler
                0x00000000080041d2                OTG_HS_WKUP_IRQHandler
                0x00000000080041d4                OTG_HS_IRQHandler
                0x00000000080041d6                DCMI_IRQHandler
                0x00000000080041d8                CRYP_IRQHandler
                0x00000000080041da                HASH_RNG_IRQHandler
                0x00000000080041dc                FPU_IRQHandler
                0x00000000080041de                UART7_IRQHandler
                0x00000000080041e0                UART8_IRQHandler
                0x00000000080041e2                SPI4_IRQHandler
                0x00000000080041e4                SPI5_IRQHandler
                0x00000000080041e6                SPI6_IRQHandler
                0x00000000080041e8                SAI1_IRQHandler
                0x00000000080041ea                LTDC_IRQHandler
                0x00000000080041ec                LTDC_ER_IRQHandler
                0x00000000080041ee                DMA2D_IRQHandler
 .text.ili9341_GetLcdPixelWidth
                0x00000000080041f8        0x4 library.a(ili9341.o)
                0x00000000080041f8                ili9341_GetLcdPixelWidth
 .text.ili9341_GetLcdPixelHeight
                0x00000000080041fc        0x6 library.a(ili9341.o)
                0x00000000080041fc                ili9341_GetLcdPixelHeight
 .text.ili9341_DisplayOn
                0x0000000008004202        0x6 library.a(ili9341.o)
                0x0000000008004202                ili9341_DisplayOn
 .text.ili9341_DisplayOff
                0x0000000008004208        0x6 library.a(ili9341.o)
                0x0000000008004208                ili9341_DisplayOff
 .text.ili9341_Init
                0x000000000800420e      0x292 library.a(ili9341.o)
                0x000000000800420e                ili9341_Init
 .text.ili9341_ReadID
                0x00000000080044a0       0x12 library.a(ili9341.o)
                0x00000000080044a0                ili9341_ReadID
 *fill*         0x00000000080044b2        0x2 
 .text.exit     0x00000000080044b4       0x20 /Users/mitchell.park/Desktop/COEN20/gcc-arm-none-eabi-10.3-2021.10/bin/../lib/gcc/arm-none-eabi/10.3.1/../../../../arm-none-eabi/lib/thumb/v7e-m+fp/hard/libc.a(lib_a-exit.o)
                0x00000000080044b4                exit
 .text.__libc_init_array
                0x00000000080044d4       0x48 /Users/mitchell.park/Desktop/COEN20/gcc-arm-none-eabi-10.3-2021.10/bin/../lib/gcc/arm-none-eabi/10.3.1/../../../../arm-none-eabi/lib/thumb/v7e-m+fp/hard/libc.a(lib_a-init.o)
                0x00000000080044d4                __libc_init_array
 .text          0x000000000800451c      0x134 /Users/mitchell.park/Desktop/COEN20/gcc-arm-none-eabi-10.3-2021.10/bin/../lib/gcc/arm-none-eabi/10.3.1/../../../../arm-none-eabi/lib/thumb/v7e-m+fp/hard/libc.a(lib_a-memcpy.o)
                0x000000000800451c                memcpy
 .text.memset   0x0000000008004650       0xa4 /Users/mitchell.park/Desktop/COEN20/gcc-arm-none-eabi-10.3-2021.10/bin/../lib/gcc/arm-none-eabi/10.3.1/../../../../arm-none-eabi/lib/thumb/v7e-m+fp/hard/libc.a(lib_a-memset.o)
                0x0000000008004650                memset
 .text.sprintf  0x00000000080046f4       0x40 /Users/mitchell.park/Desktop/COEN20/gcc-arm-none-eabi-10.3-2021.10/bin/../lib/gcc/arm-none-eabi/10.3.1/../../../../arm-none-eabi/lib/thumb/v7e-m+fp/hard/libc.a(lib_a-sprintf.o)
                0x00000000080046f4                sprintf
 .text.strcpy   0x0000000008004734       0xbc /Users/mitchell.park/Desktop/COEN20/gcc-arm-none-eabi-10.3-2021.10/bin/../lib/gcc/arm-none-eabi/10.3.1/../../../../arm-none-eabi/lib/thumb/v7e-m+fp/hard/libc.a(lib_a-strcpy.o)
                0x0000000008004734                strcpy
 *fill*         0x00000000080047f0       0x10 
 .text          0x0000000008004800       0xdc /Users/mitchell.park/Desktop/COEN20/gcc-arm-none-eabi-10.3-2021.10/bin/../lib/gcc/arm-none-eabi/10.3.1/../../../../arm-none-eabi/lib/thumb/v7e-m+fp/hard/libc.a(lib_a-strlen.o)
                0x0000000008004800                strlen
 *fill*         0x00000000080048dc        0x4 
 .text._svfprintf_r
                0x00000000080048e0     0x1acc /Users/mitchell.park/Desktop/COEN20/gcc-arm-none-eabi-10.3-2021.10/bin/../lib/gcc/arm-none-eabi/10.3.1/../../../../arm-none-eabi/lib/thumb/v7e-m+fp/hard/libc.a(lib_a-svfprintf.o)
                0x00000000080048e0                _svfprintf_r
 .text.vsprintf
                0x00000000080063ac       0x38 /Users/mitchell.park/Desktop/COEN20/gcc-arm-none-eabi-10.3-2021.10/bin/../lib/gcc/arm-none-eabi/10.3.1/../../../../arm-none-eabi/lib/thumb/v7e-m+fp/hard/libc.a(lib_a-vsprintf.o)
                0x00000000080063ac                vsprintf
 .text.__swsetup_r
                0x00000000080063e4       0xd4 /Users/mitchell.park/Desktop/COEN20/gcc-arm-none-eabi-10.3-2021.10/bin/../lib/gcc/arm-none-eabi/10.3.1/../../../../arm-none-eabi/lib/thumb/v7e-m+fp/hard/libc.a(lib_a-wsetup.o)
                0x00000000080063e4                __swsetup_r
 .text.startup.register_fini
                0x00000000080064b8       0x14 /Users/mitchell.park/Desktop/COEN20/gcc-arm-none-eabi-10.3-2021.10/bin/../lib/gcc/arm-none-eabi/10.3.1/../../../../arm-none-eabi/lib/thumb/v7e-m+fp/hard/libc.a(lib_a-__call_atexit.o)
 .text.__call_exitprocs
                0x00000000080064cc       0xcc /Users/mitchell.park/Desktop/COEN20/gcc-arm-none-eabi-10.3-2021.10/bin/../lib/gcc/arm-none-eabi/10.3.1/../../../../arm-none-eabi/lib/thumb/v7e-m+fp/hard/libc.a(lib_a-__call_atexit.o)
                0x00000000080064cc                __call_exitprocs
 .text.atexit   0x0000000008006598        0xc /Users/mitchell.park/Desktop/COEN20/gcc-arm-none-eabi-10.3-2021.10/bin/../lib/gcc/arm-none-eabi/10.3.1/../../../../arm-none-eabi/lib/thumb/v7e-m+fp/hard/libc.a(lib_a-atexit.o)
                0x0000000008006598                atexit
 .text.quorem   0x00000000080065a4      0x128 /Users/mitchell.park/Desktop/COEN20/gcc-arm-none-eabi-10.3-2021.10/bin/../lib/gcc/arm-none-eabi/10.3.1/../../../../arm-none-eabi/lib/thumb/v7e-m+fp/hard/libc.a(lib_a-dtoa.o)
 *fill*         0x00000000080066cc        0x4 
 .text._dtoa_r  0x00000000080066d0      0xf3c /Users/mitchell.park/Desktop/COEN20/gcc-arm-none-eabi-10.3-2021.10/bin/../lib/gcc/arm-none-eabi/10.3.1/../../../../arm-none-eabi/lib/thumb/v7e-m+fp/hard/libc.a(lib_a-dtoa.o)
                0x00000000080066d0                _dtoa_r
 .text.__sflush_r
                0x000000000800760c      0x130 /Users/mitchell.park/Desktop/COEN20/gcc-arm-none-eabi-10.3-2021.10/bin/../lib/gcc/arm-none-eabi/10.3.1/../../../../arm-none-eabi/lib/thumb/v7e-m+fp/hard/libc.a(lib_a-fflush.o)
                0x000000000800760c                __sflush_r
 .text._fflush_r
                0x000000000800773c       0x5c /Users/mitchell.park/Desktop/COEN20/gcc-arm-none-eabi-10.3-2021.10/bin/../lib/gcc/arm-none-eabi/10.3.1/../../../../arm-none-eabi/lib/thumb/v7e-m+fp/hard/libc.a(lib_a-fflush.o)
                0x000000000800773c                _fflush_r
 .text._cleanup_r
                0x0000000008007798        0xc /Users/mitchell.park/Desktop/COEN20/gcc-arm-none-eabi-10.3-2021.10/bin/../lib/gcc/arm-none-eabi/10.3.1/../../../../arm-none-eabi/lib/thumb/v7e-m+fp/hard/libc.a(lib_a-findfp.o)
                0x0000000008007798                _cleanup_r
 .text.__sinit  0x00000000080077a4      0x10c /Users/mitchell.park/Desktop/COEN20/gcc-arm-none-eabi-10.3-2021.10/bin/../lib/gcc/arm-none-eabi/10.3.1/../../../../arm-none-eabi/lib/thumb/v7e-m+fp/hard/libc.a(lib_a-findfp.o)
                0x00000000080077a4                __sinit
 .text.__sfp_lock_acquire
                0x00000000080078b0        0xc /Users/mitchell.park/Desktop/COEN20/gcc-arm-none-eabi-10.3-2021.10/bin/../lib/gcc/arm-none-eabi/10.3.1/../../../../arm-none-eabi/lib/thumb/v7e-m+fp/hard/libc.a(lib_a-findfp.o)
                0x00000000080078b0                __sfp_lock_acquire
 .text.__sfp_lock_release
                0x00000000080078bc        0xc /Users/mitchell.park/Desktop/COEN20/gcc-arm-none-eabi-10.3-2021.10/bin/../lib/gcc/arm-none-eabi/10.3.1/../../../../arm-none-eabi/lib/thumb/v7e-m+fp/hard/libc.a(lib_a-findfp.o)
                0x00000000080078bc                __sfp_lock_release
 .text.__libc_fini_array
                0x00000000080078c8       0x2c /Users/mitchell.park/Desktop/COEN20/gcc-arm-none-eabi-10.3-2021.10/bin/../lib/gcc/arm-none-eabi/10.3.1/../../../../arm-none-eabi/lib/thumb/v7e-m+fp/hard/libc.a(lib_a-fini.o)
                0x00000000080078c8                __libc_fini_array
 .text._malloc_trim_r
                0x00000000080078f4       0xa0 /Users/mitchell.park/Desktop/COEN20/gcc-arm-none-eabi-10.3-2021.10/bin/../lib/gcc/arm-none-eabi/10.3.1/../../../../arm-none-eabi/lib/thumb/v7e-m+fp/hard/libc.a(lib_a-freer.o)
                0x00000000080078f4                _malloc_trim_r
 .text._free_r  0x0000000008007994      0x20c /Users/mitchell.park/Desktop/COEN20/gcc-arm-none-eabi-10.3-2021.10/bin/../lib/gcc/arm-none-eabi/10.3.1/../../../../arm-none-eabi/lib/thumb/v7e-m+fp/hard/libc.a(lib_a-freer.o)
                0x0000000008007994                _free_r
 .text._fwalk_reent
                0x0000000008007ba0       0x48 /Users/mitchell.park/Desktop/COEN20/gcc-arm-none-eabi-10.3-2021.10/bin/../lib/gcc/arm-none-eabi/10.3.1/../../../../arm-none-eabi/lib/thumb/v7e-m+fp/hard/libc.a(lib_a-fwalk.o)
                0x0000000008007ba0                _fwalk_reent
 .text._localeconv_r
                0x0000000008007be8        0x8 /Users/mitchell.park/Desktop/COEN20/gcc-arm-none-eabi-10.3-2021.10/bin/../lib/gcc/arm-none-eabi/10.3.1/../../../../arm-none-eabi/lib/thumb/v7e-m+fp/hard/libc.a(lib_a-localeconv.o)
                0x0000000008007be8                _localeconv_r
 .text.__retarget_lock_init_recursive
                0x0000000008007bf0        0x4 /Users/mitchell.park/Desktop/COEN20/gcc-arm-none-eabi-10.3-2021.10/bin/../lib/gcc/arm-none-eabi/10.3.1/../../../../arm-none-eabi/lib/thumb/v7e-m+fp/hard/libc.a(lib_a-lock.o)
                0x0000000008007bf0                __retarget_lock_init_recursive
 .text.__retarget_lock_close_recursive
                0x0000000008007bf4        0x4 /Users/mitchell.park/Desktop/COEN20/gcc-arm-none-eabi-10.3-2021.10/bin/../lib/gcc/arm-none-eabi/10.3.1/../../../../arm-none-eabi/lib/thumb/v7e-m+fp/hard/libc.a(lib_a-lock.o)
                0x0000000008007bf4                __retarget_lock_close_recursive
 .text.__retarget_lock_acquire_recursive
                0x0000000008007bf8        0x4 /Users/mitchell.park/Desktop/COEN20/gcc-arm-none-eabi-10.3-2021.10/bin/../lib/gcc/arm-none-eabi/10.3.1/../../../../arm-none-eabi/lib/thumb/v7e-m+fp/hard/libc.a(lib_a-lock.o)
                0x0000000008007bf8                __retarget_lock_acquire_recursive
 .text.__retarget_lock_release_recursive
                0x0000000008007bfc        0x4 /Users/mitchell.park/Desktop/COEN20/gcc-arm-none-eabi-10.3-2021.10/bin/../lib/gcc/arm-none-eabi/10.3.1/../../../../arm-none-eabi/lib/thumb/v7e-m+fp/hard/libc.a(lib_a-lock.o)
                0x0000000008007bfc                __retarget_lock_release_recursive
 .text.__smakebuf_r
                0x0000000008007c00       0xe0 /Users/mitchell.park/Desktop/COEN20/gcc-arm-none-eabi-10.3-2021.10/bin/../lib/gcc/arm-none-eabi/10.3.1/../../../../arm-none-eabi/lib/thumb/v7e-m+fp/hard/libc.a(lib_a-makebuf.o)
                0x0000000008007c00                __smakebuf_r
 .text._malloc_r
                0x0000000008007ce0      0x560 /Users/mitchell.park/Desktop/COEN20/gcc-arm-none-eabi-10.3-2021.10/bin/../lib/gcc/arm-none-eabi/10.3.1/../../../../arm-none-eabi/lib/thumb/v7e-m+fp/hard/libc.a(lib_a-mallocr.o)
                0x0000000008007ce0                _malloc_r
 .text          0x0000000008008240       0xa0 /Users/mitchell.park/Desktop/COEN20/gcc-arm-none-eabi-10.3-2021.10/bin/../lib/gcc/arm-none-eabi/10.3.1/../../../../arm-none-eabi/lib/thumb/v7e-m+fp/hard/libc.a(lib_a-memchr.o)
                0x0000000008008240                memchr
 .text.__malloc_lock
                0x00000000080082e0        0xc /Users/mitchell.park/Desktop/COEN20/gcc-arm-none-eabi-10.3-2021.10/bin/../lib/gcc/arm-none-eabi/10.3.1/../../../../arm-none-eabi/lib/thumb/v7e-m+fp/hard/libc.a(lib_a-mlock.o)
                0x00000000080082e0                __malloc_lock
 .text.__malloc_unlock
                0x00000000080082ec        0xc /Users/mitchell.park/Desktop/COEN20/gcc-arm-none-eabi-10.3-2021.10/bin/../lib/gcc/arm-none-eabi/10.3.1/../../../../arm-none-eabi/lib/thumb/v7e-m+fp/hard/libc.a(lib_a-mlock.o)
                0x00000000080082ec                __malloc_unlock
 .text._Balloc  0x00000000080082f8       0x4c /Users/mitchell.park/Desktop/COEN20/gcc-arm-none-eabi-10.3-2021.10/bin/../lib/gcc/arm-none-eabi/10.3.1/../../../../arm-none-eabi/lib/thumb/v7e-m+fp/hard/libc.a(lib_a-mprec.o)
                0x00000000080082f8                _Balloc
 .text._Bfree   0x0000000008008344       0x14 /Users/mitchell.park/Desktop/COEN20/gcc-arm-none-eabi-10.3-2021.10/bin/../lib/gcc/arm-none-eabi/10.3.1/../../../../arm-none-eabi/lib/thumb/v7e-m+fp/hard/libc.a(lib_a-mprec.o)
                0x0000000008008344                _Bfree
 .text.__multadd
                0x0000000008008358       0xa8 /Users/mitchell.park/Desktop/COEN20/gcc-arm-none-eabi-10.3-2021.10/bin/../lib/gcc/arm-none-eabi/10.3.1/../../../../arm-none-eabi/lib/thumb/v7e-m+fp/hard/libc.a(lib_a-mprec.o)
                0x0000000008008358                __multadd
 .text.__hi0bits
                0x0000000008008400       0x40 /Users/mitchell.park/Desktop/COEN20/gcc-arm-none-eabi-10.3-2021.10/bin/../lib/gcc/arm-none-eabi/10.3.1/../../../../arm-none-eabi/lib/thumb/v7e-m+fp/hard/libc.a(lib_a-mprec.o)
                0x0000000008008400                __hi0bits
 .text.__lo0bits
                0x0000000008008440       0x60 /Users/mitchell.park/Desktop/COEN20/gcc-arm-none-eabi-10.3-2021.10/bin/../lib/gcc/arm-none-eabi/10.3.1/../../../../arm-none-eabi/lib/thumb/v7e-m+fp/hard/libc.a(lib_a-mprec.o)
                0x0000000008008440                __lo0bits
 .text.__i2b    0x00000000080084a0       0x5c /Users/mitchell.park/Desktop/COEN20/gcc-arm-none-eabi-10.3-2021.10/bin/../lib/gcc/arm-none-eabi/10.3.1/../../../../arm-none-eabi/lib/thumb/v7e-m+fp/hard/libc.a(lib_a-mprec.o)
                0x00000000080084a0                __i2b
 .text.__multiply
                0x00000000080084fc      0x15c /Users/mitchell.park/Desktop/COEN20/gcc-arm-none-eabi-10.3-2021.10/bin/../lib/gcc/arm-none-eabi/10.3.1/../../../../arm-none-eabi/lib/thumb/v7e-m+fp/hard/libc.a(lib_a-mprec.o)
                0x00000000080084fc                __multiply
 .text.__pow5mult
                0x0000000008008658       0xc0 /Users/mitchell.park/Desktop/COEN20/gcc-arm-none-eabi-10.3-2021.10/bin/../lib/gcc/arm-none-eabi/10.3.1/../../../../arm-none-eabi/lib/thumb/v7e-m+fp/hard/libc.a(lib_a-mprec.o)
                0x0000000008008658                __pow5mult
 .text.__lshift
                0x0000000008008718       0xf0 /Users/mitchell.park/Desktop/COEN20/gcc-arm-none-eabi-10.3-2021.10/bin/../lib/gcc/arm-none-eabi/10.3.1/../../../../arm-none-eabi/lib/thumb/v7e-m+fp/hard/libc.a(lib_a-mprec.o)
                0x0000000008008718                __lshift
 .text.__mcmp   0x0000000008008808       0x44 /Users/mitchell.park/Desktop/COEN20/gcc-arm-none-eabi-10.3-2021.10/bin/../lib/gcc/arm-none-eabi/10.3.1/../../../../arm-none-eabi/lib/thumb/v7e-m+fp/hard/libc.a(lib_a-mprec.o)
                0x0000000008008808                __mcmp
 .text.__mdiff  0x000000000800884c      0x14c /Users/mitchell.park/Desktop/COEN20/gcc-arm-none-eabi-10.3-2021.10/bin/../lib/gcc/arm-none-eabi/10.3.1/../../../../arm-none-eabi/lib/thumb/v7e-m+fp/hard/libc.a(lib_a-mprec.o)
                0x000000000800884c                __mdiff
 .text.__d2b    0x0000000008008998       0xd0 /Users/mitchell.park/Desktop/COEN20/gcc-arm-none-eabi-10.3-2021.10/bin/../lib/gcc/arm-none-eabi/10.3.1/../../../../arm-none-eabi/lib/thumb/v7e-m+fp/hard/libc.a(lib_a-mprec.o)
                0x0000000008008998                __d2b
 .text.frexp    0x0000000008008a68       0x6c /Users/mitchell.park/Desktop/COEN20/gcc-arm-none-eabi-10.3-2021.10/bin/../lib/gcc/arm-none-eabi/10.3.1/../../../../arm-none-eabi/lib/thumb/v7e-m+fp/hard/libc.a(lib_a-s_frexp.o)
                0x0000000008008a68                frexp
 .text._sbrk_r  0x0000000008008ad4       0x24 /Users/mitchell.park/Desktop/COEN20/gcc-arm-none-eabi-10.3-2021.10/bin/../lib/gcc/arm-none-eabi/10.3.1/../../../../arm-none-eabi/lib/thumb/v7e-m+fp/hard/libc.a(lib_a-sbrkr.o)
                0x0000000008008ad4                _sbrk_r
 .text.__sread  0x0000000008008af8       0x24 /Users/mitchell.park/Desktop/COEN20/gcc-arm-none-eabi-10.3-2021.10/bin/../lib/gcc/arm-none-eabi/10.3.1/../../../../arm-none-eabi/lib/thumb/v7e-m+fp/hard/libc.a(lib_a-stdio.o)
                0x0000000008008af8                __sread
 .text.__swrite
                0x0000000008008b1c       0x40 /Users/mitchell.park/Desktop/COEN20/gcc-arm-none-eabi-10.3-2021.10/bin/../lib/gcc/arm-none-eabi/10.3.1/../../../../arm-none-eabi/lib/thumb/v7e-m+fp/hard/libc.a(lib_a-stdio.o)
                0x0000000008008b1c                __swrite
 .text.__sseek  0x0000000008008b5c       0x20 /Users/mitchell.park/Desktop/COEN20/gcc-arm-none-eabi-10.3-2021.10/bin/../lib/gcc/arm-none-eabi/10.3.1/../../../../arm-none-eabi/lib/thumb/v7e-m+fp/hard/libc.a(lib_a-stdio.o)
                0x0000000008008b5c                __sseek
 .text.__sclose
                0x0000000008008b7c        0x8 /Users/mitchell.park/Desktop/COEN20/gcc-arm-none-eabi-10.3-2021.10/bin/../lib/gcc/arm-none-eabi/10.3.1/../../../../arm-none-eabi/lib/thumb/v7e-m+fp/hard/libc.a(lib_a-stdio.o)
                0x0000000008008b7c                __sclose
 .text.strncpy  0x0000000008008b84       0x64 /Users/mitchell.park/Desktop/COEN20/gcc-arm-none-eabi-10.3-2021.10/bin/../lib/gcc/arm-none-eabi/10.3.1/../../../../arm-none-eabi/lib/thumb/v7e-m+fp/hard/libc.a(lib_a-strncpy.o)
                0x0000000008008b84                strncpy
 .text.__ssprint_r
                0x0000000008008be8       0xf8 /Users/mitchell.park/Desktop/COEN20/gcc-arm-none-eabi-10.3-2021.10/bin/../lib/gcc/arm-none-eabi/10.3.1/../../../../arm-none-eabi/lib/thumb/v7e-m+fp/hard/libc.a(lib_a-svfiprintf.o)
                0x0000000008008be8                __ssprint_r
 .text.__sprint_r.part.0
                0x0000000008008ce0       0x78 /Users/mitchell.park/Desktop/COEN20/gcc-arm-none-eabi-10.3-2021.10/bin/../lib/gcc/arm-none-eabi/10.3.1/../../../../arm-none-eabi/lib/thumb/v7e-m+fp/hard/libc.a(lib_a-vfiprintf.o)
 .text._vfiprintf_r
                0x0000000008008d58      0xdfc /Users/mitchell.park/Desktop/COEN20/gcc-arm-none-eabi-10.3-2021.10/bin/../lib/gcc/arm-none-eabi/10.3.1/../../../../arm-none-eabi/lib/thumb/v7e-m+fp/hard/libc.a(lib_a-vfiprintf.o)
                0x0000000008008d58                _vfiprintf_r
 .text.__sbprintf
                0x0000000008009b54       0x80 /Users/mitchell.park/Desktop/COEN20/gcc-arm-none-eabi-10.3-2021.10/bin/../lib/gcc/arm-none-eabi/10.3.1/../../../../arm-none-eabi/lib/thumb/v7e-m+fp/hard/libc.a(lib_a-vfiprintf.o)
 .text._write_r
                0x0000000008009bd4       0x2c /Users/mitchell.park/Desktop/COEN20/gcc-arm-none-eabi-10.3-2021.10/bin/../lib/gcc/arm-none-eabi/10.3.1/../../../../arm-none-eabi/lib/thumb/v7e-m+fp/hard/libc.a(lib_a-writer.o)
                0x0000000008009bd4                _write_r
 .text.__register_exitproc
                0x0000000008009c00       0x8c /Users/mitchell.park/Desktop/COEN20/gcc-arm-none-eabi-10.3-2021.10/bin/../lib/gcc/arm-none-eabi/10.3.1/../../../../arm-none-eabi/lib/thumb/v7e-m+fp/hard/libc.a(lib_a-__atexit.o)
                0x0000000008009c00                __register_exitproc
 .text.__assert_func
                0x0000000008009c8c       0x40 /Users/mitchell.park/Desktop/COEN20/gcc-arm-none-eabi-10.3-2021.10/bin/../lib/gcc/arm-none-eabi/10.3.1/../../../../arm-none-eabi/lib/thumb/v7e-m+fp/hard/libc.a(lib_a-assert.o)
                0x0000000008009c8c                __assert_func
 .text._calloc_r
                0x0000000008009ccc       0x78 /Users/mitchell.park/Desktop/COEN20/gcc-arm-none-eabi-10.3-2021.10/bin/../lib/gcc/arm-none-eabi/10.3.1/../../../../arm-none-eabi/lib/thumb/v7e-m+fp/hard/libc.a(lib_a-callocr.o)
                0x0000000008009ccc                _calloc_r
 .text._close_r
                0x0000000008009d44       0x24 /Users/mitchell.park/Desktop/COEN20/gcc-arm-none-eabi-10.3-2021.10/bin/../lib/gcc/arm-none-eabi/10.3.1/../../../../arm-none-eabi/lib/thumb/v7e-m+fp/hard/libc.a(lib_a-closer.o)
                0x0000000008009d44                _close_r
 .text.__errno  0x0000000008009d68        0xc /Users/mitchell.park/Desktop/COEN20/gcc-arm-none-eabi-10.3-2021.10/bin/../lib/gcc/arm-none-eabi/10.3.1/../../../../arm-none-eabi/lib/thumb/v7e-m+fp/hard/libc.a(lib_a-errno.o)
                0x0000000008009d68                __errno
 .text._fclose_r
                0x0000000008009d74       0xcc /Users/mitchell.park/Desktop/COEN20/gcc-arm-none-eabi-10.3-2021.10/bin/../lib/gcc/arm-none-eabi/10.3.1/../../../../arm-none-eabi/lib/thumb/v7e-m+fp/hard/libc.a(lib_a-fclose.o)
                0x0000000008009d74                _fclose_r
 .text.fiprintf
                0x0000000008009e40       0x28 /Users/mitchell.park/Desktop/COEN20/gcc-arm-none-eabi-10.3-2021.10/bin/../lib/gcc/arm-none-eabi/10.3.1/../../../../arm-none-eabi/lib/thumb/v7e-m+fp/hard/libc.a(lib_a-fiprintf.o)
                0x0000000008009e40                fiprintf
 .text.__fputwc
                0x0000000008009e68       0xa8 /Users/mitchell.park/Desktop/COEN20/gcc-arm-none-eabi-10.3-2021.10/bin/../lib/gcc/arm-none-eabi/10.3.1/../../../../arm-none-eabi/lib/thumb/v7e-m+fp/hard/libc.a(lib_a-fputwc.o)
                0x0000000008009e68                __fputwc
 .text._fputwc_r
                0x0000000008009f10       0x68 /Users/mitchell.park/Desktop/COEN20/gcc-arm-none-eabi-10.3-2021.10/bin/../lib/gcc/arm-none-eabi/10.3.1/../../../../arm-none-eabi/lib/thumb/v7e-m+fp/hard/libc.a(lib_a-fputwc.o)
                0x0000000008009f10                _fputwc_r
 .text._fstat_r
                0x0000000008009f78       0x2c /Users/mitchell.park/Desktop/COEN20/gcc-arm-none-eabi-10.3-2021.10/bin/../lib/gcc/arm-none-eabi/10.3.1/../../../../arm-none-eabi/lib/thumb/v7e-m+fp/hard/libc.a(lib_a-fstatr.o)
                0x0000000008009f78                _fstat_r
 .text.__sfvwrite_r
                0x0000000008009fa4      0x2f0 /Users/mitchell.park/Desktop/COEN20/gcc-arm-none-eabi-10.3-2021.10/bin/../lib/gcc/arm-none-eabi/10.3.1/../../../../arm-none-eabi/lib/thumb/v7e-m+fp/hard/libc.a(lib_a-fvwrite.o)
                0x0000000008009fa4                __sfvwrite_r
 .text._isatty_r
                0x000000000800a294       0x24 /Users/mitchell.park/Desktop/COEN20/gcc-arm-none-eabi-10.3-2021.10/bin/../lib/gcc/arm-none-eabi/10.3.1/../../../../arm-none-eabi/lib/thumb/v7e-m+fp/hard/libc.a(lib_a-isattyr.o)
                0x000000000800a294                _isatty_r
 .text.__locale_mb_cur_max
                0x000000000800a2b8        0xc /Users/mitchell.park/Desktop/COEN20/gcc-arm-none-eabi-10.3-2021.10/bin/../lib/gcc/arm-none-eabi/10.3.1/../../../../arm-none-eabi/lib/thumb/v7e-m+fp/hard/libc.a(lib_a-locale.o)
                0x000000000800a2b8                __locale_mb_cur_max
 .text._lseek_r
                0x000000000800a2c4       0x2c /Users/mitchell.park/Desktop/COEN20/gcc-arm-none-eabi-10.3-2021.10/bin/../lib/gcc/arm-none-eabi/10.3.1/../../../../arm-none-eabi/lib/thumb/v7e-m+fp/hard/libc.a(lib_a-lseekr.o)
                0x000000000800a2c4                _lseek_r
 .text.__ascii_mbtowc
                0x000000000800a2f0       0x2c /Users/mitchell.park/Desktop/COEN20/gcc-arm-none-eabi-10.3-2021.10/bin/../lib/gcc/arm-none-eabi/10.3.1/../../../../arm-none-eabi/lib/thumb/v7e-m+fp/hard/libc.a(lib_a-mbtowc_r.o)
                0x000000000800a2f0                __ascii_mbtowc
 .text.memmove  0x000000000800a31c       0xf8 /Users/mitchell.park/Desktop/COEN20/gcc-arm-none-eabi-10.3-2021.10/bin/../lib/gcc/arm-none-eabi/10.3.1/../../../../arm-none-eabi/lib/thumb/v7e-m+fp/hard/libc.a(lib_a-memmove.o)
                0x000000000800a31c                memmove
 .text._read_r  0x000000000800a414       0x2c /Users/mitchell.park/Desktop/COEN20/gcc-arm-none-eabi-10.3-2021.10/bin/../lib/gcc/arm-none-eabi/10.3.1/../../../../arm-none-eabi/lib/thumb/v7e-m+fp/hard/libc.a(lib_a-readr.o)
                0x000000000800a414                _read_r
 .text._realloc_r
                0x000000000800a440      0x3d8 /Users/mitchell.park/Desktop/COEN20/gcc-arm-none-eabi-10.3-2021.10/bin/../lib/gcc/arm-none-eabi/10.3.1/../../../../arm-none-eabi/lib/thumb/v7e-m+fp/hard/libc.a(lib_a-reallocr.o)
                0x000000000800a440                _realloc_r
 .text.__swbuf_r
                0x000000000800a818       0xb0 /Users/mitchell.park/Desktop/COEN20/gcc-arm-none-eabi-10.3-2021.10/bin/../lib/gcc/arm-none-eabi/10.3.1/../../../../arm-none-eabi/lib/thumb/v7e-m+fp/hard/libc.a(lib_a-wbuf.o)
                0x000000000800a818                __swbuf_r
 .text._wcrtomb_r
                0x000000000800a8c8       0x3c /Users/mitchell.park/Desktop/COEN20/gcc-arm-none-eabi-10.3-2021.10/bin/../lib/gcc/arm-none-eabi/10.3.1/../../../../arm-none-eabi/lib/thumb/v7e-m+fp/hard/libc.a(lib_a-wcrtomb.o)
                0x000000000800a8c8                _wcrtomb_r
 .text.__ascii_wctomb
                0x000000000800a904       0x1c /Users/mitchell.park/Desktop/COEN20/gcc-arm-none-eabi-10.3-2021.10/bin/../lib/gcc/arm-none-eabi/10.3.1/../../../../arm-none-eabi/lib/thumb/v7e-m+fp/hard/libc.a(lib_a-wctomb_r.o)
                0x000000000800a904                __ascii_wctomb
 .text.abort    0x000000000800a920       0x10 /Users/mitchell.park/Desktop/COEN20/gcc-arm-none-eabi-10.3-2021.10/bin/../lib/gcc/arm-none-eabi/10.3.1/../../../../arm-none-eabi/lib/thumb/v7e-m+fp/hard/libc.a(lib_a-abort.o)
                0x000000000800a920                abort
 .text.raise    0x000000000800a930       0x5c /Users/mitchell.park/Desktop/COEN20/gcc-arm-none-eabi-10.3-2021.10/bin/../lib/gcc/arm-none-eabi/10.3.1/../../../../arm-none-eabi/lib/thumb/v7e-m+fp/hard/libc.a(lib_a-signal.o)
                0x000000000800a930                raise
 .text._kill_r  0x000000000800a98c       0x2c /Users/mitchell.park/Desktop/COEN20/gcc-arm-none-eabi-10.3-2021.10/bin/../lib/gcc/arm-none-eabi/10.3.1/../../../../arm-none-eabi/lib/thumb/v7e-m+fp/hard/libc.a(lib_a-signalr.o)
                0x000000000800a98c                _kill_r
 .text._getpid_r
                0x000000000800a9b8        0x4 /Users/mitchell.park/Desktop/COEN20/gcc-arm-none-eabi-10.3-2021.10/bin/../lib/gcc/arm-none-eabi/10.3.1/../../../../arm-none-eabi/lib/thumb/v7e-m+fp/hard/libc.a(lib_a-signalr.o)
                0x000000000800a9b8                _getpid_r
 .text._close   0x000000000800a9bc       0x10 /Users/mitchell.park/Desktop/COEN20/gcc-arm-none-eabi-10.3-2021.10/bin/../lib/gcc/arm-none-eabi/10.3.1/../../../../arm-none-eabi/lib/thumb/v7e-m+fp/hard/libnosys.a(close.o)
                0x000000000800a9bc                _close
 .text._fstat   0x000000000800a9cc       0x10 /Users/mitchell.park/Desktop/COEN20/gcc-arm-none-eabi-10.3-2021.10/bin/../lib/gcc/arm-none-eabi/10.3.1/../../../../arm-none-eabi/lib/thumb/v7e-m+fp/hard/libnosys.a(fstat.o)
                0x000000000800a9cc                _fstat
 .text._getpid  0x000000000800a9dc       0x10 /Users/mitchell.park/Desktop/COEN20/gcc-arm-none-eabi-10.3-2021.10/bin/../lib/gcc/arm-none-eabi/10.3.1/../../../../arm-none-eabi/lib/thumb/v7e-m+fp/hard/libnosys.a(getpid.o)
                0x000000000800a9dc                _getpid
 .text._isatty  0x000000000800a9ec       0x10 /Users/mitchell.park/Desktop/COEN20/gcc-arm-none-eabi-10.3-2021.10/bin/../lib/gcc/arm-none-eabi/10.3.1/../../../../arm-none-eabi/lib/thumb/v7e-m+fp/hard/libnosys.a(isatty.o)
                0x000000000800a9ec                _isatty
 .text._kill    0x000000000800a9fc       0x10 /Users/mitchell.park/Desktop/COEN20/gcc-arm-none-eabi-10.3-2021.10/bin/../lib/gcc/arm-none-eabi/10.3.1/../../../../arm-none-eabi/lib/thumb/v7e-m+fp/hard/libnosys.a(kill.o)
                0x000000000800a9fc                _kill
 .text._lseek   0x000000000800aa0c       0x10 /Users/mitchell.park/Desktop/COEN20/gcc-arm-none-eabi-10.3-2021.10/bin/../lib/gcc/arm-none-eabi/10.3.1/../../../../arm-none-eabi/lib/thumb/v7e-m+fp/hard/libnosys.a(lseek.o)
                0x000000000800aa0c                _lseek
 .text._read    0x000000000800aa1c       0x10 /Users/mitchell.park/Desktop/COEN20/gcc-arm-none-eabi-10.3-2021.10/bin/../lib/gcc/arm-none-eabi/10.3.1/../../../../arm-none-eabi/lib/thumb/v7e-m+fp/hard/libnosys.a(read.o)
                0x000000000800aa1c                _read
 .text._sbrk    0x000000000800aa2c       0x1c /Users/mitchell.park/Desktop/COEN20/gcc-arm-none-eabi-10.3-2021.10/bin/../lib/gcc/arm-none-eabi/10.3.1/../../../../arm-none-eabi/lib/thumb/v7e-m+fp/hard/libnosys.a(sbrk.o)
                0x000000000800aa2c                _sbrk
 .text._exit    0x000000000800aa48        0x4 /Users/mitchell.park/Desktop/COEN20/gcc-arm-none-eabi-10.3-2021.10/bin/../lib/gcc/arm-none-eabi/10.3.1/../../../../arm-none-eabi/lib/thumb/v7e-m+fp/hard/libnosys.a(_exit.o)
                0x000000000800aa48                _exit
 .text          0x000000000800aa4c      0x378 /Users/mitchell.park/Desktop/COEN20/gcc-arm-none-eabi-10.3-2021.10/bin/../lib/gcc/arm-none-eabi/10.3.1/thumb/v7e-m+fp/hard/libgcc.a(_arm_addsubdf3.o)
                0x000000000800aa4c                __aeabi_drsub
                0x000000000800aa54                __subdf3
                0x000000000800aa54                __aeabi_dsub
                0x000000000800aa58                __aeabi_dadd
                0x000000000800aa58                __adddf3
                0x000000000800acd0                __aeabi_ui2d
                0x000000000800acd0                __floatunsidf
                0x000000000800acf0                __floatsidf
                0x000000000800acf0                __aeabi_i2d
                0x000000000800ad14                __extendsfdf2
                0x000000000800ad14                __aeabi_f2d
                0x000000000800ad58                __aeabi_ul2d
                0x000000000800ad58                __floatundidf
                0x000000000800ad68                __aeabi_l2d
                0x000000000800ad68                __floatdidf
 .text          0x000000000800adc4      0x424 /Users/mitchell.park/Desktop/COEN20/gcc-arm-none-eabi-10.3-2021.10/bin/../lib/gcc/arm-none-eabi/10.3.1/thumb/v7e-m+fp/hard/libgcc.a(_arm_muldivdf3.o)
                0x000000000800adc4                __aeabi_dmul
                0x000000000800adc4                __muldf3
                0x000000000800b018                __aeabi_ddiv
                0x000000000800b018                __divdf3
 .text          0x000000000800b1e8      0x110 /Users/mitchell.park/Desktop/COEN20/gcc-arm-none-eabi-10.3-2021.10/bin/../lib/gcc/arm-none-eabi/10.3.1/thumb/v7e-m+fp/hard/libgcc.a(_arm_cmpdf2.o)
                0x000000000800b1e8                __gedf2
                0x000000000800b1e8                __gtdf2
                0x000000000800b1f0                __ledf2
                0x000000000800b1f0                __ltdf2
                0x000000000800b1f8                __cmpdf2
                0x000000000800b1f8                __eqdf2
                0x000000000800b1f8                __nedf2
                0x000000000800b274                __aeabi_cdrcmple
                0x000000000800b284                __aeabi_cdcmple
                0x000000000800b284                __aeabi_cdcmpeq
                0x000000000800b294                __aeabi_dcmpeq
                0x000000000800b2a8                __aeabi_dcmplt
                0x000000000800b2bc                __aeabi_dcmple
                0x000000000800b2d0                __aeabi_dcmpge
                0x000000000800b2e4                __aeabi_dcmpgt
 .text          0x000000000800b2f8       0x2c /Users/mitchell.park/Desktop/COEN20/gcc-arm-none-eabi-10.3-2021.10/bin/../lib/gcc/arm-none-eabi/10.3.1/thumb/v7e-m+fp/hard/libgcc.a(_arm_unorddf2.o)
                0x000000000800b2f8                __aeabi_dcmpun
                0x000000000800b2f8                __unorddf2
 .text          0x000000000800b324       0x50 /Users/mitchell.park/Desktop/COEN20/gcc-arm-none-eabi-10.3-2021.10/bin/../lib/gcc/arm-none-eabi/10.3.1/thumb/v7e-m+fp/hard/libgcc.a(_arm_fixdfsi.o)
                0x000000000800b324                __fixdfsi
                0x000000000800b324                __aeabi_d2iz
 .text          0x000000000800b374       0x30 /Users/mitchell.park/Desktop/COEN20/gcc-arm-none-eabi-10.3-2021.10/bin/../lib/gcc/arm-none-eabi/10.3.1/thumb/v7e-m+fp/hard/libgcc.a(_aeabi_uldivmod.o)
                0x000000000800b374                __aeabi_uldivmod
 .text          0x000000000800b3a4      0x2d0 /Users/mitchell.park/Desktop/COEN20/gcc-arm-none-eabi-10.3-2021.10/bin/../lib/gcc/arm-none-eabi/10.3.1/thumb/v7e-m+fp/hard/libgcc.a(_udivmoddi4.o)
                0x000000000800b3a4                __udivmoddi4
 .text          0x000000000800b674        0x4 /Users/mitchell.park/Desktop/COEN20/gcc-arm-none-eabi-10.3-2021.10/bin/../lib/gcc/arm-none-eabi/10.3.1/thumb/v7e-m+fp/hard/libgcc.a(_dvmd_tls.o)
                0x000000000800b674                __aeabi_ldiv0
                0x000000000800b674                __aeabi_idiv0
 *(.init)
 .init          0x000000000800b678        0x4 /Users/mitchell.park/Desktop/COEN20/gcc-arm-none-eabi-10.3-2021.10/bin/../lib/gcc/arm-none-eabi/10.3.1/thumb/v7e-m+fp/hard/crti.o
                0x000000000800b678                _init
 .init          0x000000000800b67c        0x8 /Users/mitchell.park/Desktop/COEN20/gcc-arm-none-eabi-10.3-2021.10/bin/../lib/gcc/arm-none-eabi/10.3.1/thumb/v7e-m+fp/hard/crtn.o
 *(.fini)
 .fini          0x000000000800b684        0x4 /Users/mitchell.park/Desktop/COEN20/gcc-arm-none-eabi-10.3-2021.10/bin/../lib/gcc/arm-none-eabi/10.3.1/thumb/v7e-m+fp/hard/crti.o
                0x000000000800b684                _fini
 .fini          0x000000000800b688        0x8 /Users/mitchell.park/Desktop/COEN20/gcc-arm-none-eabi-10.3-2021.10/bin/../lib/gcc/arm-none-eabi/10.3.1/thumb/v7e-m+fp/hard/crtn.o
 *crtbegin.o(.ctors)
 *crtbegin?.o(.ctors)
 *(EXCLUDE_FILE(*crtend.o *crtend?.o) .ctors)
 *(SORT_BY_NAME(.ctors.*))
 *(.ctors)
 *crtbegin.o(.dtors)
 *crtbegin?.o(.dtors)
 *(EXCLUDE_FILE(*crtend.o *crtend?.o) .dtors)
 *(SORT_BY_NAME(.dtors.*))
 *(.dtors)
 *(.rodata*)
 .rodata        0x000000000800b690       0x81 obj/Lab7A-Main-c.o
 .rodata.DisplayHeader.str1.1
                0x000000000800b711       0x27 library.a(initialize.o)
 .rodata._write.str1.1
                0x000000000800b738       0x27 library.a(initialize.o)
                                          0x1 (size before relaxing)
 .rodata.Font12_Table
                0x000000000800b738      0x474 library.a(stm32f429i_discovery_lcd.o)
                0x000000000800b738                Font12_Table
 .rodata.Font16_Table
                0x000000000800bbac      0xbe0 library.a(stm32f429i_discovery_lcd.o)
                0x000000000800bbac                Font16_Table
 .rodata.Font24_Table
                0x000000000800c78c     0x1ab8 library.a(stm32f429i_discovery_lcd.o)
                0x000000000800c78c                Font24_Table
 .rodata.APBAHBPrescTable
                0x000000000800e244       0x10 library.a(stm32f4xx_hal_rcc.o)
                0x000000000800e244                APBAHBPrescTable
 .rodata.SVC_Label.str1.1
                0x000000000800e254        0xe library.a(svcHandler.o)
 .rodata._MemManageHandler.str1.1
                0x000000000800e262       0x10 library.a(svcHandler.o)
 .rodata._BusFault_Handler.str1.1
                0x000000000800e272        0xb library.a(svcHandler.o)
 .rodata._HardFault_Handler.str1.1
                0x000000000800e27d        0xc library.a(svcHandler.o)
 .rodata._UsageFault_Handler.str1.1
                0x000000000800e289       0x76 library.a(svcHandler.o)
 .rodata.SVC_Exception.str1.1
                0x000000000800e2ff       0x15 library.a(svcHandler.o)
 .rodata.str1.1
                0x000000000800e314      0x2b6 library.a(svcHandler.o)
 *fill*         0x000000000800e5ca        0x2 
 .rodata._global_impure_ptr
                0x000000000800e5cc        0x4 /Users/mitchell.park/Desktop/COEN20/gcc-arm-none-eabi-10.3-2021.10/bin/../lib/gcc/arm-none-eabi/10.3.1/../../../../arm-none-eabi/lib/thumb/v7e-m+fp/hard/libc.a(lib_a-impure.o)
                0x000000000800e5cc                _global_impure_ptr
 .rodata._svfprintf_r.str1.4
                0x000000000800e5d0       0x42 /Users/mitchell.park/Desktop/COEN20/gcc-arm-none-eabi-10.3-2021.10/bin/../lib/gcc/arm-none-eabi/10.3.1/../../../../arm-none-eabi/lib/thumb/v7e-m+fp/hard/libc.a(lib_a-svfprintf.o)
 *fill*         0x000000000800e612        0x2 
 .rodata.blanks.1
                0x000000000800e614       0x10 /Users/mitchell.park/Desktop/COEN20/gcc-arm-none-eabi-10.3-2021.10/bin/../lib/gcc/arm-none-eabi/10.3.1/../../../../arm-none-eabi/lib/thumb/v7e-m+fp/hard/libc.a(lib_a-svfprintf.o)
 .rodata.zeroes.0
                0x000000000800e624       0x10 /Users/mitchell.park/Desktop/COEN20/gcc-arm-none-eabi-10.3-2021.10/bin/../lib/gcc/arm-none-eabi/10.3.1/../../../../arm-none-eabi/lib/thumb/v7e-m+fp/hard/libc.a(lib_a-svfprintf.o)
 .rodata._dtoa_r.str1.4
                0x000000000800e634       0x7e /Users/mitchell.park/Desktop/COEN20/gcc-arm-none-eabi-10.3-2021.10/bin/../lib/gcc/arm-none-eabi/10.3.1/../../../../arm-none-eabi/lib/thumb/v7e-m+fp/hard/libc.a(lib_a-dtoa.o)
                                         0x82 (size before relaxing)
 *fill*         0x000000000800e6b2        0x2 
 .rodata.__multadd.str1.4
                0x000000000800e6b4       0x5b /Users/mitchell.park/Desktop/COEN20/gcc-arm-none-eabi-10.3-2021.10/bin/../lib/gcc/arm-none-eabi/10.3.1/../../../../arm-none-eabi/lib/thumb/v7e-m+fp/hard/libc.a(lib_a-mprec.o)
                                         0x6f (size before relaxing)
 *fill*         0x000000000800e70f        0x1 
 .rodata.__mprec_bigtens
                0x000000000800e710       0x28 /Users/mitchell.park/Desktop/COEN20/gcc-arm-none-eabi-10.3-2021.10/bin/../lib/gcc/arm-none-eabi/10.3.1/../../../../arm-none-eabi/lib/thumb/v7e-m+fp/hard/libc.a(lib_a-mprec.o)
                0x000000000800e710                __mprec_bigtens
 .rodata.__mprec_tens
                0x000000000800e738       0xc8 /Users/mitchell.park/Desktop/COEN20/gcc-arm-none-eabi-10.3-2021.10/bin/../lib/gcc/arm-none-eabi/10.3.1/../../../../arm-none-eabi/lib/thumb/v7e-m+fp/hard/libc.a(lib_a-mprec.o)
                0x000000000800e738                __mprec_tens
 .rodata.p05.0  0x000000000800e800        0xc /Users/mitchell.park/Desktop/COEN20/gcc-arm-none-eabi-10.3-2021.10/bin/../lib/gcc/arm-none-eabi/10.3.1/../../../../arm-none-eabi/lib/thumb/v7e-m+fp/hard/libc.a(lib_a-mprec.o)
 .rodata._vfiprintf_r.str1.4
                0x000000000800e80c       0x2f /Users/mitchell.park/Desktop/COEN20/gcc-arm-none-eabi-10.3-2021.10/bin/../lib/gcc/arm-none-eabi/10.3.1/../../../../arm-none-eabi/lib/thumb/v7e-m+fp/hard/libc.a(lib_a-vfiprintf.o)
 .rodata.blanks.1
                0x000000000800e80c       0x10 /Users/mitchell.park/Desktop/COEN20/gcc-arm-none-eabi-10.3-2021.10/bin/../lib/gcc/arm-none-eabi/10.3.1/../../../../arm-none-eabi/lib/thumb/v7e-m+fp/hard/libc.a(lib_a-vfiprintf.o)
 .rodata.zeroes.0
                0x000000000800e81c       0x10 /Users/mitchell.park/Desktop/COEN20/gcc-arm-none-eabi-10.3-2021.10/bin/../lib/gcc/arm-none-eabi/10.3.1/../../../../arm-none-eabi/lib/thumb/v7e-m+fp/hard/libc.a(lib_a-vfiprintf.o)
 .rodata.__assert_func.str1.4
                0x000000000800e82c       0x3f /Users/mitchell.park/Desktop/COEN20/gcc-arm-none-eabi-10.3-2021.10/bin/../lib/gcc/arm-none-eabi/10.3.1/../../../../arm-none-eabi/lib/thumb/v7e-m+fp/hard/libc.a(lib_a-assert.o)
                                         0x43 (size before relaxing)
 *fill*         0x000000000800e86b        0x1 
 .rodata._setlocale_r.str1.4
                0x000000000800e86c        0xa /Users/mitchell.park/Desktop/COEN20/gcc-arm-none-eabi-10.3-2021.10/bin/../lib/gcc/arm-none-eabi/10.3.1/../../../../arm-none-eabi/lib/thumb/v7e-m+fp/hard/libc.a(lib_a-locale.o)
                                          0xd (size before relaxing)
 *fill*         0x000000000800e876        0x2 
 .rodata.str1.4
                0x000000000800e878        0x2 /Users/mitchell.park/Desktop/COEN20/gcc-arm-none-eabi-10.3-2021.10/bin/../lib/gcc/arm-none-eabi/10.3.1/../../../../arm-none-eabi/lib/thumb/v7e-m+fp/hard/libc.a(lib_a-locale.o)
 *fill*         0x000000000800e87a        0x2 
 .rodata._ctype_
                0x000000000800e87c      0x101 /Users/mitchell.park/Desktop/COEN20/gcc-arm-none-eabi-10.3-2021.10/bin/../lib/gcc/arm-none-eabi/10.3.1/../../../../arm-none-eabi/lib/thumb/v7e-m+fp/hard/libc.a(lib_a-ctype_.o)
                0x000000000800e87c                _ctype_
 *(.eh_frame*)
 *fill*         0x000000000800e97d        0x3 
 .eh_frame      0x000000000800e980        0x0 /Users/mitchell.park/Desktop/COEN20/gcc-arm-none-eabi-10.3-2021.10/bin/../lib/gcc/arm-none-eabi/10.3.1/thumb/v7e-m+fp/hard/crtbegin.o
 .eh_frame      0x000000000800e980        0x4 /Users/mitchell.park/Desktop/COEN20/gcc-arm-none-eabi-10.3-2021.10/bin/../lib/gcc/arm-none-eabi/10.3.1/thumb/v7e-m+fp/hard/crtend.o

.glue_7         0x000000000800e984        0x0
 .glue_7        0x000000000800e984        0x0 linker stubs

.glue_7t        0x000000000800e984        0x0
 .glue_7t       0x000000000800e984        0x0 linker stubs

.vfp11_veneer   0x000000000800e984        0x0
 .vfp11_veneer  0x000000000800e984        0x0 linker stubs

.v4_bx          0x000000000800e984        0x0
 .v4_bx         0x000000000800e984        0x0 linker stubs

.iplt           0x000000000800e984        0x0
 .iplt          0x000000000800e984        0x0 /Users/mitchell.park/Desktop/COEN20/gcc-arm-none-eabi-10.3-2021.10/bin/../lib/gcc/arm-none-eabi/10.3.1/thumb/v7e-m+fp/hard/crtbegin.o

.ARM.extab
 *(.ARM.extab* .gnu.linkonce.armextab.*)
                0x000000000800e984                __exidx_start = .

.ARM.exidx      0x000000000800e984        0x8
 *(.ARM.exidx* .gnu.linkonce.armexidx.*)
 .ARM.exidx     0x000000000800e984        0x8 /Users/mitchell.park/Desktop/COEN20/gcc-arm-none-eabi-10.3-2021.10/bin/../lib/gcc/arm-none-eabi/10.3.1/../../../../arm-none-eabi/lib/thumb/v7e-m+fp/hard/crt0.o
                                         0x10 (size before relaxing)
 .ARM.exidx     0x000000000800e98c        0x0 /Users/mitchell.park/Desktop/COEN20/gcc-arm-none-eabi-10.3-2021.10/bin/../lib/gcc/arm-none-eabi/10.3.1/thumb/v7e-m+fp/hard/libgcc.a(_udivmoddi4.o)
                                          0x8 (size before relaxing)
                0x000000000800e98c                __exidx_end = .
                0x000000000800e98c                __etext = .

.rel.dyn        0x000000000800e98c        0x0
 .rel.iplt      0x000000000800e98c        0x0 /Users/mitchell.park/Desktop/COEN20/gcc-arm-none-eabi-10.3-2021.10/bin/../lib/gcc/arm-none-eabi/10.3.1/thumb/v7e-m+fp/hard/crtbegin.o

.data           0x0000000020000000      0xb88 load address 0x000000000800e98c
                0x0000000020000000                __data_start__ = .
 *(vtable)
 *(.data*)
 .data.BUTTON_PORT
                0x0000000020000000        0x4 library.a(stm32f429i_discovery.o)
                0x0000000020000000                BUTTON_PORT
 .data.SpixTimeout
                0x0000000020000004        0x4 library.a(stm32f429i_discovery.o)
                0x0000000020000004                SpixTimeout
 .data.Font12   0x0000000020000008        0x8 library.a(stm32f429i_discovery_lcd.o)
                0x0000000020000008                Font12
 .data.Font16   0x0000000020000010        0x8 library.a(stm32f429i_discovery_lcd.o)
                0x0000000020000010                Font16
 .data.Font24   0x0000000020000018        0x8 library.a(stm32f429i_discovery_lcd.o)
                0x0000000020000018                Font24
 .data.context.0
                0x0000000020000020       0x20 library.a(svcHandler.o)
 .data.context.2
                0x0000000020000040       0x20 library.a(svcHandler.o)
 .data.context.4
                0x0000000020000060       0x20 library.a(svcHandler.o)
 .data.context.7
                0x0000000020000080       0x20 library.a(svcHandler.o)
 .data.lines.1  0x00000000200000a0       0x80 library.a(svcHandler.o)
 .data.lines.3  0x0000000020000120       0x30 library.a(svcHandler.o)
 .data.lines.6  0x0000000020000150       0x40 library.a(svcHandler.o)
 .data.SystemCoreClock
                0x0000000020000190        0x4 library.a(system_stm32f4xx.o)
                0x0000000020000190                SystemCoreClock
 .data.ili9341_drv
                0x0000000020000194       0x38 library.a(ili9341.o)
                0x0000000020000194                ili9341_drv
 .data._impure_ptr
                0x00000000200001cc        0x4 /Users/mitchell.park/Desktop/COEN20/gcc-arm-none-eabi-10.3-2021.10/bin/../lib/gcc/arm-none-eabi/10.3.1/../../../../arm-none-eabi/lib/thumb/v7e-m+fp/hard/libc.a(lib_a-impure.o)
                0x00000000200001cc                _impure_ptr
 .data.impure_data
                0x00000000200001d0      0x428 /Users/mitchell.park/Desktop/COEN20/gcc-arm-none-eabi-10.3-2021.10/bin/../lib/gcc/arm-none-eabi/10.3.1/../../../../arm-none-eabi/lib/thumb/v7e-m+fp/hard/libc.a(lib_a-impure.o)
 .data.__atexit_recursive_mutex
                0x00000000200005f8        0x4 /Users/mitchell.park/Desktop/COEN20/gcc-arm-none-eabi-10.3-2021.10/bin/../lib/gcc/arm-none-eabi/10.3.1/../../../../arm-none-eabi/lib/thumb/v7e-m+fp/hard/libc.a(lib_a-__call_atexit.o)
                0x00000000200005f8                __atexit_recursive_mutex
 .data.__malloc_av_
                0x00000000200005fc      0x408 /Users/mitchell.park/Desktop/COEN20/gcc-arm-none-eabi-10.3-2021.10/bin/../lib/gcc/arm-none-eabi/10.3.1/../../../../arm-none-eabi/lib/thumb/v7e-m+fp/hard/libc.a(lib_a-mallocr.o)
                0x00000000200005fc                __malloc_av_
 .data.__malloc_sbrk_base
                0x0000000020000a04        0x4 /Users/mitchell.park/Desktop/COEN20/gcc-arm-none-eabi-10.3-2021.10/bin/../lib/gcc/arm-none-eabi/10.3.1/../../../../arm-none-eabi/lib/thumb/v7e-m+fp/hard/libc.a(lib_a-mallocr.o)
                0x0000000020000a04                __malloc_sbrk_base
 .data.__malloc_trim_threshold
                0x0000000020000a08        0x4 /Users/mitchell.park/Desktop/COEN20/gcc-arm-none-eabi-10.3-2021.10/bin/../lib/gcc/arm-none-eabi/10.3.1/../../../../arm-none-eabi/lib/thumb/v7e-m+fp/hard/libc.a(lib_a-mallocr.o)
                0x0000000020000a08                __malloc_trim_threshold
 .data.__global_locale
                0x0000000020000a0c      0x16c /Users/mitchell.park/Desktop/COEN20/gcc-arm-none-eabi-10.3-2021.10/bin/../lib/gcc/arm-none-eabi/10.3.1/../../../../arm-none-eabi/lib/thumb/v7e-m+fp/hard/libc.a(lib_a-locale.o)
                0x0000000020000a0c                __global_locale
                0x0000000020000b78                . = ALIGN (0x4)
                0x0000000020000b78                PROVIDE (__preinit_array_start = .)
 *(.preinit_array)
                0x0000000020000b78                PROVIDE (__preinit_array_end = .)
                0x0000000020000b78                . = ALIGN (0x4)
                0x0000000020000b78                PROVIDE (__init_array_start = .)
 *(SORT_BY_NAME(.init_array.*))
 .init_array.00000
                0x0000000020000b78        0x4 /Users/mitchell.park/Desktop/COEN20/gcc-arm-none-eabi-10.3-2021.10/bin/../lib/gcc/arm-none-eabi/10.3.1/../../../../arm-none-eabi/lib/thumb/v7e-m+fp/hard/libc.a(lib_a-__call_atexit.o)
 *(.init_array)
 .init_array    0x0000000020000b7c        0x4 /Users/mitchell.park/Desktop/COEN20/gcc-arm-none-eabi-10.3-2021.10/bin/../lib/gcc/arm-none-eabi/10.3.1/thumb/v7e-m+fp/hard/crtbegin.o
                0x0000000020000b80                PROVIDE (__init_array_end = .)
                0x0000000020000b80                . = ALIGN (0x8)
                0x0000000020000b80                PROVIDE (__fini_array_start = .)
 *(SORT_BY_NAME(.fini_array.*))
 *(.fini_array)
 .fini_array    0x0000000020000b80        0x4 /Users/mitchell.park/Desktop/COEN20/gcc-arm-none-eabi-10.3-2021.10/bin/../lib/gcc/arm-none-eabi/10.3.1/thumb/v7e-m+fp/hard/crtbegin.o
                0x0000000020000b84                PROVIDE (__fini_array_end = .)
                0x0000000020000b88                . = ALIGN (0x8)
 *fill*         0x0000000020000b84        0x4 
                0x0000000020000b88                __data_end__ = .

.igot.plt       0x0000000020000b88        0x0 load address 0x000000000800f514
 .igot.plt      0x0000000020000b88        0x0 /Users/mitchell.park/Desktop/COEN20/gcc-arm-none-eabi-10.3-2021.10/bin/../lib/gcc/arm-none-eabi/10.3.1/thumb/v7e-m+fp/hard/crtbegin.o

.bss            0x0000000020000b88    0x1cb3c load address 0x000000000800f514
                0x0000000020000b88                __bss_start__ = .
 *(.bss*)
 .bss           0x0000000020000b88       0x1c /Users/mitchell.park/Desktop/COEN20/gcc-arm-none-eabi-10.3-2021.10/bin/../lib/gcc/arm-none-eabi/10.3.1/thumb/v7e-m+fp/hard/crtbegin.o
 .bss.buffer    0x0000000020000ba4      0x620 library.a(initialize.o)
 .bss.txtCol    0x00000000200011c4        0x4 library.a(initialize.o)
 .bss.txtRow    0x00000000200011c8        0x4 library.a(initialize.o)
 .bss.Is_LCD_IO_Initialized
                0x00000000200011cc        0x1 library.a(stm32f429i_discovery.o)
 *fill*         0x00000000200011cd        0x3 
 .bss.SpiHandle
                0x00000000200011d0       0x58 library.a(stm32f429i_discovery.o)
 .bss.ActiveLayer
                0x0000000020001228        0x4 library.a(stm32f429i_discovery_lcd.o)
 .bss.Dma2dHandler
                0x000000002000122c       0x40 library.a(stm32f429i_discovery_lcd.o)
 .bss.DrawProp  0x000000002000126c       0x18 library.a(stm32f429i_discovery_lcd.o)
 .bss.LcdDrv    0x0000000020001284        0x4 library.a(stm32f429i_discovery_lcd.o)
                0x0000000020001284                LcdDrv
 .bss.LtdcHandler
                0x0000000020001288       0xa8 library.a(stm32f429i_discovery_lcd.o)
 .bss.PeriphClkInitStruct
                0x0000000020001330       0x30 library.a(stm32f429i_discovery_lcd.o)
 .bss.Command   0x0000000020001360       0x10 library.a(stm32f429i_discovery_sdram.o)
 .bss.SdramHandle
                0x0000000020001370       0x34 library.a(stm32f429i_discovery_sdram.o)
 .bss.Timing    0x00000000200013a4       0x1c library.a(stm32f429i_discovery_sdram.o)
 .bss.dmaHandle.0
                0x00000000200013c0       0x50 library.a(stm32f429i_discovery_sdram.o)
 .bss.uwTick    0x0000000020001410        0x4 library.a(stm32f4xx_hal.o)
 .bss.rgb       0x0000000020001414    0x1c200 library.a(svcHandler.o)
                0x0000000020001414                rgb
 .bss.text.5    0x000000002001d614       0x64 library.a(svcHandler.o)
 .bss.__lock___atexit_recursive_mutex
                0x000000002001d678        0x1 /Users/mitchell.park/Desktop/COEN20/gcc-arm-none-eabi-10.3-2021.10/bin/../lib/gcc/arm-none-eabi/10.3.1/../../../../arm-none-eabi/lib/thumb/v7e-m+fp/hard/libc.a(lib_a-lock.o)
                0x000000002001d678                __lock___atexit_recursive_mutex
 *fill*         0x000000002001d679        0x3 
 .bss.__lock___malloc_recursive_mutex
                0x000000002001d67c        0x1 /Users/mitchell.park/Desktop/COEN20/gcc-arm-none-eabi-10.3-2021.10/bin/../lib/gcc/arm-none-eabi/10.3.1/../../../../arm-none-eabi/lib/thumb/v7e-m+fp/hard/libc.a(lib_a-lock.o)
                0x000000002001d67c                __lock___malloc_recursive_mutex
 *fill*         0x000000002001d67d        0x3 
 .bss.__lock___sfp_recursive_mutex
                0x000000002001d680        0x1 /Users/mitchell.park/Desktop/COEN20/gcc-arm-none-eabi-10.3-2021.10/bin/../lib/gcc/arm-none-eabi/10.3.1/../../../../arm-none-eabi/lib/thumb/v7e-m+fp/hard/libc.a(lib_a-lock.o)
                0x000000002001d680                __lock___sfp_recursive_mutex
 *fill*         0x000000002001d681        0x3 
 .bss.__lock___sinit_recursive_mutex
                0x000000002001d684        0x1 /Users/mitchell.park/Desktop/COEN20/gcc-arm-none-eabi-10.3-2021.10/bin/../lib/gcc/arm-none-eabi/10.3.1/../../../../arm-none-eabi/lib/thumb/v7e-m+fp/hard/libc.a(lib_a-lock.o)
                0x000000002001d684                __lock___sinit_recursive_mutex
 *fill*         0x000000002001d685        0x3 
 .bss.__malloc_current_mallinfo
                0x000000002001d688       0x28 /Users/mitchell.park/Desktop/COEN20/gcc-arm-none-eabi-10.3-2021.10/bin/../lib/gcc/arm-none-eabi/10.3.1/../../../../arm-none-eabi/lib/thumb/v7e-m+fp/hard/libc.a(lib_a-mallocr.o)
                0x000000002001d688                __malloc_current_mallinfo
 .bss.__malloc_max_sbrked_mem
                0x000000002001d6b0        0x4 /Users/mitchell.park/Desktop/COEN20/gcc-arm-none-eabi-10.3-2021.10/bin/../lib/gcc/arm-none-eabi/10.3.1/../../../../arm-none-eabi/lib/thumb/v7e-m+fp/hard/libc.a(lib_a-mallocr.o)
                0x000000002001d6b0                __malloc_max_sbrked_mem
 .bss.__malloc_max_total_mem
                0x000000002001d6b4        0x4 /Users/mitchell.park/Desktop/COEN20/gcc-arm-none-eabi-10.3-2021.10/bin/../lib/gcc/arm-none-eabi/10.3.1/../../../../arm-none-eabi/lib/thumb/v7e-m+fp/hard/libc.a(lib_a-mallocr.o)
                0x000000002001d6b4                __malloc_max_total_mem
 .bss.__malloc_top_pad
                0x000000002001d6b8        0x4 /Users/mitchell.park/Desktop/COEN20/gcc-arm-none-eabi-10.3-2021.10/bin/../lib/gcc/arm-none-eabi/10.3.1/../../../../arm-none-eabi/lib/thumb/v7e-m+fp/hard/libc.a(lib_a-mallocr.o)
                0x000000002001d6b8                __malloc_top_pad
 .bss.errno     0x000000002001d6bc        0x4 /Users/mitchell.park/Desktop/COEN20/gcc-arm-none-eabi-10.3-2021.10/bin/../lib/gcc/arm-none-eabi/10.3.1/../../../../arm-none-eabi/lib/thumb/v7e-m+fp/hard/libc.a(lib_a-reent.o)
                0x000000002001d6bc                errno
 .bss.heap_end.0
                0x000000002001d6c0        0x4 /Users/mitchell.park/Desktop/COEN20/gcc-arm-none-eabi-10.3-2021.10/bin/../lib/gcc/arm-none-eabi/10.3.1/../../../../arm-none-eabi/lib/thumb/v7e-m+fp/hard/libnosys.a(sbrk.o)
 *(COMMON)
                0x000000002001d6c4                __bss_end__ = .

.ccm            0x0000000010000000        0x0
                0x0000000010000000                . = ALIGN (0x4)
                0x0000000010000000                __ccm_start__ = .
 *(.ccm*)
                0x0000000010000000                . = ALIGN (0x4)
                0x0000000010000000                __ccm_end__ = .

.heap           0x0000000010000000      0xc00
                0x0000000010000000                __end__ = .
                0x0000000010000000                end = __end__
 *(.heap*)
 .heap          0x0000000010000000      0xc00 library.a(startup_stm32f429xx.o)
                0x0000000010000000                __HeapBase
                0x0000000010000c00                __HeapLimit = .

.stack_dummy    0x0000000010000000     0x1000
 *(.stack)
 .stack         0x0000000010000000     0x1000 library.a(startup_stm32f429xx.o)
                0x0000000010010000                __StackTop = (ORIGIN (CCM) + LENGTH (CCM))
                0x000000001000f000                __StackLimit = (__StackTop - SIZEOF (.stack_dummy))
                0x0000000010010000                PROVIDE (__stack = __StackTop)
                0x0000000000000001                ASSERT ((__StackLimit >= __HeapLimit), region CCM overflowed with stack)
OUTPUT(output.elf elf32-littlearm)
LOAD linker stubs

.ARM.attributes
                0x0000000000000000       0x30
 .ARM.attributes
                0x0000000000000000       0x1e /Users/mitchell.park/Desktop/COEN20/gcc-arm-none-eabi-10.3-2021.10/bin/../lib/gcc/arm-none-eabi/10.3.1/thumb/v7e-m+fp/hard/crti.o
 .ARM.attributes
                0x000000000000001e       0x34 /Users/mitchell.park/Desktop/COEN20/gcc-arm-none-eabi-10.3-2021.10/bin/../lib/gcc/arm-none-eabi/10.3.1/thumb/v7e-m+fp/hard/crtbegin.o
 .ARM.attributes
                0x0000000000000052       0x1c /Users/mitchell.park/Desktop/COEN20/gcc-arm-none-eabi-10.3-2021.10/bin/../lib/gcc/arm-none-eabi/10.3.1/../../../../arm-none-eabi/lib/thumb/v7e-m+fp/hard/crt0.o
 .ARM.attributes
                0x000000000000006e       0x34 obj/Lab7A-Main-c.o
 .ARM.attributes
                0x00000000000000a2       0x25 obj/lab6-s.o
 .ARM.attributes
                0x00000000000000c7       0x34 library.a(initialize.o)
 .ARM.attributes
                0x00000000000000fb       0x34 library.a(stm32f429i_discovery.o)
 .ARM.attributes
                0x000000000000012f       0x34 library.a(stm32f429i_discovery_lcd.o)
 .ARM.attributes
                0x0000000000000163       0x34 library.a(stm32f429i_discovery_sdram.o)
 .ARM.attributes
                0x0000000000000197       0x34 library.a(stm32f4xx_hal.o)
 .ARM.attributes
                0x00000000000001cb       0x34 library.a(stm32f4xx_hal_cortex.o)
 .ARM.attributes
                0x00000000000001ff       0x34 library.a(stm32f4xx_hal_dma.o)
 .ARM.attributes
                0x0000000000000233       0x34 library.a(stm32f4xx_hal_dma2d.o)
 .ARM.attributes
                0x0000000000000267       0x34 library.a(stm32f4xx_hal_gpio.o)
 .ARM.attributes
                0x000000000000029b       0x34 library.a(stm32f4xx_hal_ltdc.o)
 .ARM.attributes
                0x00000000000002cf       0x34 library.a(stm32f4xx_hal_rcc.o)
 .ARM.attributes
                0x0000000000000303       0x34 library.a(stm32f4xx_hal_rcc_ex.o)
 .ARM.attributes
                0x0000000000000337       0x34 library.a(stm32f4xx_hal_sdram.o)
 .ARM.attributes
                0x000000000000036b       0x34 library.a(stm32f4xx_hal_spi.o)
 .ARM.attributes
                0x000000000000039f       0x34 library.a(stm32f4xx_it.o)
 .ARM.attributes
                0x00000000000003d3       0x34 library.a(stm32f4xx_ll_fmc.o)
 .ARM.attributes
                0x0000000000000407       0x34 library.a(svcHandler.o)
 .ARM.attributes
                0x000000000000043b       0x34 library.a(system_stm32f4xx.o)
 .ARM.attributes
                0x000000000000046f       0x1f library.a(startup_stm32f429xx.o)
 .ARM.attributes
                0x000000000000048e       0x34 library.a(ili9341.o)
 .ARM.attributes
                0x00000000000004c2       0x34 /Users/mitchell.park/Desktop/COEN20/gcc-arm-none-eabi-10.3-2021.10/bin/../lib/gcc/arm-none-eabi/10.3.1/../../../../arm-none-eabi/lib/thumb/v7e-m+fp/hard/libc.a(lib_a-exit.o)
 .ARM.attributes
                0x00000000000004f6       0x34 /Users/mitchell.park/Desktop/COEN20/gcc-arm-none-eabi-10.3-2021.10/bin/../lib/gcc/arm-none-eabi/10.3.1/../../../../arm-none-eabi/lib/thumb/v7e-m+fp/hard/libc.a(lib_a-impure.o)
 .ARM.attributes
                0x000000000000052a       0x34 /Users/mitchell.park/Desktop/COEN20/gcc-arm-none-eabi-10.3-2021.10/bin/../lib/gcc/arm-none-eabi/10.3.1/../../../../arm-none-eabi/lib/thumb/v7e-m+fp/hard/libc.a(lib_a-init.o)
 .ARM.attributes
                0x000000000000055e       0x1c /Users/mitchell.park/Desktop/COEN20/gcc-arm-none-eabi-10.3-2021.10/bin/../lib/gcc/arm-none-eabi/10.3.1/../../../../arm-none-eabi/lib/thumb/v7e-m+fp/hard/libc.a(lib_a-memcpy.o)
 .ARM.attributes
                0x000000000000057a       0x34 /Users/mitchell.park/Desktop/COEN20/gcc-arm-none-eabi-10.3-2021.10/bin/../lib/gcc/arm-none-eabi/10.3.1/../../../../arm-none-eabi/lib/thumb/v7e-m+fp/hard/libc.a(lib_a-memset.o)
 .ARM.attributes
                0x00000000000005ae       0x34 /Users/mitchell.park/Desktop/COEN20/gcc-arm-none-eabi-10.3-2021.10/bin/../lib/gcc/arm-none-eabi/10.3.1/../../../../arm-none-eabi/lib/thumb/v7e-m+fp/hard/libc.a(lib_a-sprintf.o)
 .ARM.attributes
                0x00000000000005e2       0x34 /Users/mitchell.park/Desktop/COEN20/gcc-arm-none-eabi-10.3-2021.10/bin/../lib/gcc/arm-none-eabi/10.3.1/../../../../arm-none-eabi/lib/thumb/v7e-m+fp/hard/libc.a(lib_a-strcpy.o)
 .ARM.attributes
                0x0000000000000616       0x1c /Users/mitchell.park/Desktop/COEN20/gcc-arm-none-eabi-10.3-2021.10/bin/../lib/gcc/arm-none-eabi/10.3.1/../../../../arm-none-eabi/lib/thumb/v7e-m+fp/hard/libc.a(lib_a-strlen.o)
 .ARM.attributes
                0x0000000000000632       0x34 /Users/mitchell.park/Desktop/COEN20/gcc-arm-none-eabi-10.3-2021.10/bin/../lib/gcc/arm-none-eabi/10.3.1/../../../../arm-none-eabi/lib/thumb/v7e-m+fp/hard/libc.a(lib_a-svfprintf.o)
 .ARM.attributes
                0x0000000000000666       0x34 /Users/mitchell.park/Desktop/COEN20/gcc-arm-none-eabi-10.3-2021.10/bin/../lib/gcc/arm-none-eabi/10.3.1/../../../../arm-none-eabi/lib/thumb/v7e-m+fp/hard/libc.a(lib_a-vsprintf.o)
 .ARM.attributes
                0x000000000000069a       0x34 /Users/mitchell.park/Desktop/COEN20/gcc-arm-none-eabi-10.3-2021.10/bin/../lib/gcc/arm-none-eabi/10.3.1/../../../../arm-none-eabi/lib/thumb/v7e-m+fp/hard/libc.a(lib_a-wsetup.o)
 .ARM.attributes
                0x00000000000006ce       0x34 /Users/mitchell.park/Desktop/COEN20/gcc-arm-none-eabi-10.3-2021.10/bin/../lib/gcc/arm-none-eabi/10.3.1/../../../../arm-none-eabi/lib/thumb/v7e-m+fp/hard/libc.a(lib_a-__call_atexit.o)
 .ARM.attributes
                0x0000000000000702       0x34 /Users/mitchell.park/Desktop/COEN20/gcc-arm-none-eabi-10.3-2021.10/bin/../lib/gcc/arm-none-eabi/10.3.1/../../../../arm-none-eabi/lib/thumb/v7e-m+fp/hard/libc.a(lib_a-atexit.o)
 .ARM.attributes
                0x0000000000000736       0x34 /Users/mitchell.park/Desktop/COEN20/gcc-arm-none-eabi-10.3-2021.10/bin/../lib/gcc/arm-none-eabi/10.3.1/../../../../arm-none-eabi/lib/thumb/v7e-m+fp/hard/libc.a(lib_a-dtoa.o)
 .ARM.attributes
                0x000000000000076a       0x34 /Users/mitchell.park/Desktop/COEN20/gcc-arm-none-eabi-10.3-2021.10/bin/../lib/gcc/arm-none-eabi/10.3.1/../../../../arm-none-eabi/lib/thumb/v7e-m+fp/hard/libc.a(lib_a-fflush.o)
 .ARM.attributes
                0x000000000000079e       0x34 /Users/mitchell.park/Desktop/COEN20/gcc-arm-none-eabi-10.3-2021.10/bin/../lib/gcc/arm-none-eabi/10.3.1/../../../../arm-none-eabi/lib/thumb/v7e-m+fp/hard/libc.a(lib_a-findfp.o)
 .ARM.attributes
                0x00000000000007d2       0x34 /Users/mitchell.park/Desktop/COEN20/gcc-arm-none-eabi-10.3-2021.10/bin/../lib/gcc/arm-none-eabi/10.3.1/../../../../arm-none-eabi/lib/thumb/v7e-m+fp/hard/libc.a(lib_a-fini.o)
 .ARM.attributes
                0x0000000000000806       0x34 /Users/mitchell.park/Desktop/COEN20/gcc-arm-none-eabi-10.3-2021.10/bin/../lib/gcc/arm-none-eabi/10.3.1/../../../../arm-none-eabi/lib/thumb/v7e-m+fp/hard/libc.a(lib_a-freer.o)
 .ARM.attributes
                0x000000000000083a       0x34 /Users/mitchell.park/Desktop/COEN20/gcc-arm-none-eabi-10.3-2021.10/bin/../lib/gcc/arm-none-eabi/10.3.1/../../../../arm-none-eabi/lib/thumb/v7e-m+fp/hard/libc.a(lib_a-fwalk.o)
 .ARM.attributes
                0x000000000000086e       0x34 /Users/mitchell.park/Desktop/COEN20/gcc-arm-none-eabi-10.3-2021.10/bin/../lib/gcc/arm-none-eabi/10.3.1/../../../../arm-none-eabi/lib/thumb/v7e-m+fp/hard/libc.a(lib_a-localeconv.o)
 .ARM.attributes
                0x00000000000008a2       0x34 /Users/mitchell.park/Desktop/COEN20/gcc-arm-none-eabi-10.3-2021.10/bin/../lib/gcc/arm-none-eabi/10.3.1/../../../../arm-none-eabi/lib/thumb/v7e-m+fp/hard/libc.a(lib_a-lock.o)
 .ARM.attributes
                0x00000000000008d6       0x34 /Users/mitchell.park/Desktop/COEN20/gcc-arm-none-eabi-10.3-2021.10/bin/../lib/gcc/arm-none-eabi/10.3.1/../../../../arm-none-eabi/lib/thumb/v7e-m+fp/hard/libc.a(lib_a-makebuf.o)
 .ARM.attributes
                0x000000000000090a       0x34 /Users/mitchell.park/Desktop/COEN20/gcc-arm-none-eabi-10.3-2021.10/bin/../lib/gcc/arm-none-eabi/10.3.1/../../../../arm-none-eabi/lib/thumb/v7e-m+fp/hard/libc.a(lib_a-mallocr.o)
 .ARM.attributes
                0x000000000000093e       0x1c /Users/mitchell.park/Desktop/COEN20/gcc-arm-none-eabi-10.3-2021.10/bin/../lib/gcc/arm-none-eabi/10.3.1/../../../../arm-none-eabi/lib/thumb/v7e-m+fp/hard/libc.a(lib_a-memchr.o)
 .ARM.attributes
                0x000000000000095a       0x34 /Users/mitchell.park/Desktop/COEN20/gcc-arm-none-eabi-10.3-2021.10/bin/../lib/gcc/arm-none-eabi/10.3.1/../../../../arm-none-eabi/lib/thumb/v7e-m+fp/hard/libc.a(lib_a-mlock.o)
 .ARM.attributes
                0x000000000000098e       0x34 /Users/mitchell.park/Desktop/COEN20/gcc-arm-none-eabi-10.3-2021.10/bin/../lib/gcc/arm-none-eabi/10.3.1/../../../../arm-none-eabi/lib/thumb/v7e-m+fp/hard/libc.a(lib_a-mprec.o)
 .ARM.attributes
                0x00000000000009c2       0x34 /Users/mitchell.park/Desktop/COEN20/gcc-arm-none-eabi-10.3-2021.10/bin/../lib/gcc/arm-none-eabi/10.3.1/../../../../arm-none-eabi/lib/thumb/v7e-m+fp/hard/libc.a(lib_a-s_frexp.o)
 .ARM.attributes
                0x00000000000009f6       0x34 /Users/mitchell.park/Desktop/COEN20/gcc-arm-none-eabi-10.3-2021.10/bin/../lib/gcc/arm-none-eabi/10.3.1/../../../../arm-none-eabi/lib/thumb/v7e-m+fp/hard/libc.a(lib_a-sbrkr.o)
 .ARM.attributes
                0x0000000000000a2a       0x34 /Users/mitchell.park/Desktop/COEN20/gcc-arm-none-eabi-10.3-2021.10/bin/../lib/gcc/arm-none-eabi/10.3.1/../../../../arm-none-eabi/lib/thumb/v7e-m+fp/hard/libc.a(lib_a-stdio.o)
 .ARM.attributes
                0x0000000000000a5e       0x34 /Users/mitchell.park/Desktop/COEN20/gcc-arm-none-eabi-10.3-2021.10/bin/../lib/gcc/arm-none-eabi/10.3.1/../../../../arm-none-eabi/lib/thumb/v7e-m+fp/hard/libc.a(lib_a-strncpy.o)
 .ARM.attributes
                0x0000000000000a92       0x34 /Users/mitchell.park/Desktop/COEN20/gcc-arm-none-eabi-10.3-2021.10/bin/../lib/gcc/arm-none-eabi/10.3.1/../../../../arm-none-eabi/lib/thumb/v7e-m+fp/hard/libc.a(lib_a-svfiprintf.o)
 .ARM.attributes
                0x0000000000000ac6       0x34 /Users/mitchell.park/Desktop/COEN20/gcc-arm-none-eabi-10.3-2021.10/bin/../lib/gcc/arm-none-eabi/10.3.1/../../../../arm-none-eabi/lib/thumb/v7e-m+fp/hard/libc.a(lib_a-vfiprintf.o)
 .ARM.attributes
                0x0000000000000afa       0x34 /Users/mitchell.park/Desktop/COEN20/gcc-arm-none-eabi-10.3-2021.10/bin/../lib/gcc/arm-none-eabi/10.3.1/../../../../arm-none-eabi/lib/thumb/v7e-m+fp/hard/libc.a(lib_a-writer.o)
 .ARM.attributes
                0x0000000000000b2e       0x34 /Users/mitchell.park/Desktop/COEN20/gcc-arm-none-eabi-10.3-2021.10/bin/../lib/gcc/arm-none-eabi/10.3.1/../../../../arm-none-eabi/lib/thumb/v7e-m+fp/hard/libc.a(lib_a-__atexit.o)
 .ARM.attributes
                0x0000000000000b62       0x34 /Users/mitchell.park/Desktop/COEN20/gcc-arm-none-eabi-10.3-2021.10/bin/../lib/gcc/arm-none-eabi/10.3.1/../../../../arm-none-eabi/lib/thumb/v7e-m+fp/hard/libc.a(lib_a-assert.o)
 .ARM.attributes
                0x0000000000000b96       0x34 /Users/mitchell.park/Desktop/COEN20/gcc-arm-none-eabi-10.3-2021.10/bin/../lib/gcc/arm-none-eabi/10.3.1/../../../../arm-none-eabi/lib/thumb/v7e-m+fp/hard/libc.a(lib_a-callocr.o)
 .ARM.attributes
                0x0000000000000bca       0x34 /Users/mitchell.park/Desktop/COEN20/gcc-arm-none-eabi-10.3-2021.10/bin/../lib/gcc/arm-none-eabi/10.3.1/../../../../arm-none-eabi/lib/thumb/v7e-m+fp/hard/libc.a(lib_a-closer.o)
 .ARM.attributes